Archive member included to satisfy reference by file (symbol)

/Applications/ArmGNUToolchain/13.3.rel1/arm-none-eabi/bin/../lib/gcc/arm-none-eabi/13.3.1/thumb/v6-m/nofp/libgcc.a(_dvmd_tls.o)
                              CMakeFiles/n64_gamecat.dir/Users/andrew/Development/pico-sdk/src/rp2_common/pico_divider/divider_hardware.S.obj (__aeabi_idiv0)
/Applications/ArmGNUToolchain/13.3.rel1/arm-none-eabi/bin/../lib/gcc/arm-none-eabi/13.3.1/../../../../arm-none-eabi/lib/thumb/v6-m/nofp/libg.a(libc_a-calloc.o)
                              CMakeFiles/n64_gamecat.dir/Users/andrew/Development/pico-sdk/src/rp2_common/pico_malloc/malloc.c.obj (calloc)
/Applications/ArmGNUToolchain/13.3.rel1/arm-none-eabi/bin/../lib/gcc/arm-none-eabi/13.3.1/../../../../arm-none-eabi/lib/thumb/v6-m/nofp/libg.a(libc_a-callocr.o)
                              /Applications/ArmGNUToolchain/13.3.rel1/arm-none-eabi/bin/../lib/gcc/arm-none-eabi/13.3.1/../../../../arm-none-eabi/lib/thumb/v6-m/nofp/libg.a(libc_a-calloc.o) (_calloc_r)
/Applications/ArmGNUToolchain/13.3.rel1/arm-none-eabi/bin/../lib/gcc/arm-none-eabi/13.3.1/../../../../arm-none-eabi/lib/thumb/v6-m/nofp/libg.a(libc_a-malloc.o)
                              CMakeFiles/n64_gamecat.dir/Users/andrew/Development/pico-sdk/src/rp2_common/pico_malloc/malloc.c.obj (malloc)
/Applications/ArmGNUToolchain/13.3.rel1/arm-none-eabi/bin/../lib/gcc/arm-none-eabi/13.3.1/../../../../arm-none-eabi/lib/thumb/v6-m/nofp/libg.a(libc_a-mallocr.o)
                              /Applications/ArmGNUToolchain/13.3.rel1/arm-none-eabi/bin/../lib/gcc/arm-none-eabi/13.3.1/../../../../arm-none-eabi/lib/thumb/v6-m/nofp/libg.a(libc_a-callocr.o) (_malloc_r)
/Applications/ArmGNUToolchain/13.3.rel1/arm-none-eabi/bin/../lib/gcc/arm-none-eabi/13.3.1/../../../../arm-none-eabi/lib/thumb/v6-m/nofp/libg.a(libc_a-mlock.o)
                              /Applications/ArmGNUToolchain/13.3.rel1/arm-none-eabi/bin/../lib/gcc/arm-none-eabi/13.3.1/../../../../arm-none-eabi/lib/thumb/v6-m/nofp/libg.a(libc_a-mallocr.o) (__malloc_lock)
/Applications/ArmGNUToolchain/13.3.rel1/arm-none-eabi/bin/../lib/gcc/arm-none-eabi/13.3.1/../../../../arm-none-eabi/lib/thumb/v6-m/nofp/libg.a(libc_a-realloc.o)
                              CMakeFiles/n64_gamecat.dir/Users/andrew/Development/pico-sdk/src/rp2_common/pico_malloc/malloc.c.obj (realloc)
/Applications/ArmGNUToolchain/13.3.rel1/arm-none-eabi/bin/../lib/gcc/arm-none-eabi/13.3.1/../../../../arm-none-eabi/lib/thumb/v6-m/nofp/libg.a(libc_a-reallocr.o)
                              /Applications/ArmGNUToolchain/13.3.rel1/arm-none-eabi/bin/../lib/gcc/arm-none-eabi/13.3.1/../../../../arm-none-eabi/lib/thumb/v6-m/nofp/libg.a(libc_a-realloc.o) (_realloc_r)
/Applications/ArmGNUToolchain/13.3.rel1/arm-none-eabi/bin/../lib/gcc/arm-none-eabi/13.3.1/../../../../arm-none-eabi/lib/thumb/v6-m/nofp/libg.a(libc_a-memcmp.o)
                              CMakeFiles/n64_gamecat.dir/Users/andrew/Development/pico-sdk/src/rp2_common/pico_atomic/atomic.c.obj (memcmp)
/Applications/ArmGNUToolchain/13.3.rel1/arm-none-eabi/bin/../lib/gcc/arm-none-eabi/13.3.1/../../../../arm-none-eabi/lib/thumb/v6-m/nofp/libg.a(libc_a-memmove.o)
                              /Applications/ArmGNUToolchain/13.3.rel1/arm-none-eabi/bin/../lib/gcc/arm-none-eabi/13.3.1/../../../../arm-none-eabi/lib/thumb/v6-m/nofp/libg.a(libc_a-reallocr.o) (memmove)
/Applications/ArmGNUToolchain/13.3.rel1/arm-none-eabi/bin/../lib/gcc/arm-none-eabi/13.3.1/../../../../arm-none-eabi/lib/thumb/v6-m/nofp/libg.a(libc_a-lcltime_r.o)
                              CMakeFiles/n64_gamecat.dir/Users/andrew/Development/pico-sdk/src/common/pico_util/datetime.c.obj (localtime_r)
/Applications/ArmGNUToolchain/13.3.rel1/arm-none-eabi/bin/../lib/gcc/arm-none-eabi/13.3.1/../../../../arm-none-eabi/lib/thumb/v6-m/nofp/libg.a(libc_a-mktime.o)
                              CMakeFiles/n64_gamecat.dir/Users/andrew/Development/pico-sdk/src/common/pico_util/datetime.c.obj (mktime)
/Applications/ArmGNUToolchain/13.3.rel1/arm-none-eabi/bin/../lib/gcc/arm-none-eabi/13.3.1/../../../../arm-none-eabi/lib/thumb/v6-m/nofp/libg.a(libc_a-month_lengths.o)
                              /Applications/ArmGNUToolchain/13.3.rel1/arm-none-eabi/bin/../lib/gcc/arm-none-eabi/13.3.1/../../../../arm-none-eabi/lib/thumb/v6-m/nofp/libg.a(libc_a-lcltime_r.o) (__month_lengths)
/Applications/ArmGNUToolchain/13.3.rel1/arm-none-eabi/bin/../lib/gcc/arm-none-eabi/13.3.1/../../../../arm-none-eabi/lib/thumb/v6-m/nofp/libg.a(libc_a-tzcalc_limits.o)
                              /Applications/ArmGNUToolchain/13.3.rel1/arm-none-eabi/bin/../lib/gcc/arm-none-eabi/13.3.1/../../../../arm-none-eabi/lib/thumb/v6-m/nofp/libg.a(libc_a-lcltime_r.o) (__tzcalc_limits)
/Applications/ArmGNUToolchain/13.3.rel1/arm-none-eabi/bin/../lib/gcc/arm-none-eabi/13.3.1/../../../../arm-none-eabi/lib/thumb/v6-m/nofp/libg.a(libc_a-tzlock.o)
[...]
Memory Configuration

Name             Origin             Length             Attributes
RAM              0x20000000         0x00040000         xrw
SCRATCH_X        0x20040000         0x00001000         xrw
SCRATCH_Y        0x20041000         0x00001000         xrw
*default*        0x00000000         0xffffffff

Linker script and memory map


.text           0x20000000     0x3b78
                0x20000000                        __logical_binary_start = .
                0x20000000                        __reset_start = .
 *(.reset)
 .reset         0x20000000       0x88 CMakeFiles/n64_gamecat.dir/Users/andrew/Development/pico-sdk/src/rp2_common/pico_crt0/crt0.S.obj
                0x20000000                _entry_point
                0x20000088                        __reset_end = .
 *(.binary_info_header)
 .binary_info_header
                0x20000088       0x24 CMakeFiles/n64_gamecat.dir/Users/andrew/Development/pico-sdk/src/rp2_common/pico_standard_binary_info/standard_binary_info.c.obj
 .binary_info_header
                0x200000ac       0x14 CMakeFiles/n64_gamecat.dir/Users/andrew/Development/pico-sdk/src/rp2_common/pico_crt0/crt0.S.obj
                0x200000c0                        __binary_info_header_end = .
 *(.embedded_block)
                0x200000c0                        __embedded_block_end = .
                0x20000100                        . = ALIGN (0x100)
 *fill*         0x200000c0       0x40 
 *(.vectors)
 .vectors       0x20000100       0xd4 CMakeFiles/n64_gamecat.dir/Users/andrew/Development/pico-sdk/src/rp2_common/pico_crt0/crt0.S.obj
                0x20000100                __VECTOR_TABLE
                0x20000100                __vectors
                0x200001c0                __default_isrs_start
                0x200001c0                isr_invalid
                0x200001c2                isr_nmi
                0x200001c4                isr_hardfault
                0x200001c6                isr_svcall
                0x200001c8                isr_pendsv
                0x200001ca                isr_systick
                0x200001cc                isr_irq28
                0x200001cc                isr_irq19
                0x200001cc                isr_irq0
                0x200001cc                isr_irq6
                0x200001cc                isr_irq22
                0x200001cc                isr_irq17
                0x200001cc                isr_irq14
                0x200001cc                isr_irq2
                0x200001cc                isr_irq10
                0x200001cc                isr_irq8
                0x200001cc                isr_irq24
                0x200001cc                isr_irq1
                0x200001cc                isr_irq7
                0x200001cc                isr_irq21
                0x200001cc                isr_irq20
                0x200001cc                isr_irq15
                0x200001cc                isr_irq25
                0x200001cc                isr_irq4
                0x200001cc                isr_irq16
                0x200001cc                isr_irq29
                0x200001cc                isr_irq26
                0x200001cc                __default_isrs_end
                0x200001cc                isr_irq3
                0x200001cc                isr_irq9
                0x200001cc                __unhandled_user_irq
                0x200001cc                isr_irq13
                0x200001cc                isr_irq27
                0x200001cc                isr_irq31
                0x200001cc                isr_irq5
                0x200001cc                isr_irq11
                0x200001cc                isr_irq23
                0x200001cc                isr_irq18
                0x200001cc                isr_irq30
                0x200001cc                isr_irq12
                0x200001d2                unhandled_user_irq_num_in_r0
 *(.time_critical*)
 .time_critical.mutex_try_enter
                0x200001d4       0x48 CMakeFiles/n64_gamecat.dir/Users/andrew/Development/pico-sdk/src/common/pico_sync/mutex.c.obj
                0x200001d4                mutex_try_enter
 .time_critical.mutex_enter_block_until
                0x2000021c       0x90 CMakeFiles/n64_gamecat.dir/Users/andrew/Development/pico-sdk/src/common/pico_sync/mutex.c.obj
                0x2000021c                mutex_enter_block_until
 .time_critical.mutex_try_enter_block_until
                0x200002ac       0x34 CMakeFiles/n64_gamecat.dir/Users/andrew/Development/pico-sdk/src/common/pico_sync/mutex.c.obj
                0x200002ac                mutex_try_enter_block_until
 .time_critical.mutex_exit
                0x200002e0       0x4c CMakeFiles/n64_gamecat.dir/Users/andrew/Development/pico-sdk/src/common/pico_sync/mutex.c.obj
                0x200002e0                mutex_exit
 *(.text*)
 .text.main     0x2000032c       0x14 CMakeFiles/n64_gamecat.dir/n64_gamecat.cpp.obj
                0x2000032c                main
 .text.gpio_set_function
                0x20000340       0x34 CMakeFiles/n64_gamecat.dir/Users/andrew/Development/pico-sdk/src/rp2_common/hardware_gpio/gpio.c.obj
                0x20000340                gpio_set_function
 .text.panic    0x20000374       0x30 CMakeFiles/n64_gamecat.dir/Users/andrew/Development/pico-sdk/src/rp2_common/pico_platform_panic/panic.c.obj
                0x20000374                panic
 .text.hw_claim_lock
                0x200003a4       0x18 CMakeFiles/n64_gamecat.dir/Users/andrew/Development/pico-sdk/src/common/hardware_claim/claim.c.obj
                0x200003a4                hw_claim_lock
 .text.hw_claim_unlock
                0x200003bc       0x14 CMakeFiles/n64_gamecat.dir/Users/andrew/Development/pico-sdk/src/common/hardware_claim/claim.c.obj
                0x200003bc                hw_claim_unlock
 .text.hw_claim_or_assert
                0x200003d0       0x32 CMakeFiles/n64_gamecat.dir/Users/andrew/Development/pico-sdk/src/common/hardware_claim/claim.c.obj
                0x200003d0                hw_claim_or_assert
 *fill*         0x20000402        0x2 
 .text.next_striped_spin_lock_num
                0x20000404       0x1c CMakeFiles/n64_gamecat.dir/Users/andrew/Development/pico-sdk/src/rp2_common/hardware_sync/sync.c.obj
                0x20000404                next_striped_spin_lock_num
 .text.spin_locks_reset
                0x20000420       0x20 CMakeFiles/n64_gamecat.dir/Users/andrew/Development/pico-sdk/src/rp2_common/hardware_sync_spin_lock/sync_spin_lock.c.obj
                0x20000420                spin_locks_reset
 .text.set_raw_irq_handler_and_unlock
                0x20000440       0x28 CMakeFiles/n64_gamecat.dir/Users/andrew/Development/pico-sdk/src/rp2_common/hardware_irq/irq.c.obj
 .text.nvic_ipr0
                0x20000468        0x8 CMakeFiles/n64_gamecat.dir/Users/andrew/Development/pico-sdk/src/rp2_common/hardware_irq/irq.c.obj
 .text.runtime_init_per_core_irq_priorities
                0x20000470       0x1c CMakeFiles/n64_gamecat.dir/Users/andrew/Development/pico-sdk/src/rp2_common/hardware_irq/irq.c.obj
                0x20000470                runtime_init_per_core_irq_priorities
 .text.resolve_j_16
                0x2000048c       0x30 CMakeFiles/n64_gamecat.dir/Users/andrew/Development/pico-sdk/src/rp2_common/hardware_irq/irq.c.obj
 .text.make_j_16
                0x200004bc       0x48 CMakeFiles/n64_gamecat.dir/Users/andrew/Development/pico-sdk/src/rp2_common/hardware_irq/irq.c.obj
 .text.insert_bl_32
                0x20000504       0x40 CMakeFiles/n64_gamecat.dir/Users/andrew/Development/pico-sdk/src/rp2_common/hardware_irq/irq.c.obj
 .text.irq_is_enabled
                0x20000544       0x18 CMakeFiles/n64_gamecat.dir/Users/andrew/Development/pico-sdk/src/rp2_common/hardware_irq/irq.c.obj
                0x20000544                irq_is_enabled
 .text.irq_set_mask_n_enabled
                0x2000055c       0x1c CMakeFiles/n64_gamecat.dir/Users/andrew/Development/pico-sdk/src/rp2_common/hardware_irq/irq.c.obj
                0x2000055c                irq_set_mask_n_enabled
 .text.irq_set_enabled
                0x20000578       0x14 CMakeFiles/n64_gamecat.dir/Users/andrew/Development/pico-sdk/src/rp2_common/hardware_irq/irq.c.obj
                0x20000578                irq_set_enabled
 .text.irq_get_vtable_handler
                0x2000058c       0x10 CMakeFiles/n64_gamecat.dir/Users/andrew/Development/pico-sdk/src/rp2_common/hardware_irq/irq.c.obj
                0x2000058c                irq_get_vtable_handler
 .text.irq_set_exclusive_handler
                0x2000059c       0x54 CMakeFiles/n64_gamecat.dir/Users/andrew/Development/pico-sdk/src/rp2_common/hardware_irq/irq.c.obj
                0x2000059c                irq_set_exclusive_handler
 .text.irq_remove_handler
                0x200005f0      0x18c CMakeFiles/n64_gamecat.dir/Users/andrew/Development/pico-sdk/src/rp2_common/hardware_irq/irq.c.obj
                0x200005f0                irq_remove_handler
 .text.irq_add_tail_to_free_list
                0x2000077c       0xf4 CMakeFiles/n64_gamecat.dir/Users/andrew/Development/pico-sdk/src/rp2_common/hardware_irq/irq.c.obj
                0x2000077c                irq_add_tail_to_free_list
 .text.lock_init
                0x20000870       0x10 CMakeFiles/n64_gamecat.dir/Users/andrew/Development/pico-sdk/src/common/pico_sync/lock_core.c.obj
                0x20000870                lock_init
 .text.mutex_init
                0x20000880       0x1a CMakeFiles/n64_gamecat.dir/Users/andrew/Development/pico-sdk/src/common/pico_sync/mutex.c.obj
                0x20000880                mutex_init
 .text.recursive_mutex_init
                0x2000089a       0x1e CMakeFiles/n64_gamecat.dir/Users/andrew/Development/pico-sdk/src/common/pico_sync/mutex.c.obj
                0x2000089a                recursive_mutex_init
 .text.runtime_init_mutex
                0x200008b8       0x4c CMakeFiles/n64_gamecat.dir/Users/andrew/Development/pico-sdk/src/common/pico_sync/mutex.c.obj
                0x200008b8                runtime_init_mutex
 .text.make_alarm_id
                0x20000904        0x6 CMakeFiles/n64_gamecat.dir/Users/andrew/Development/pico-sdk/src/common/pico_time/time.c.obj
 *fill*         0x2000090a        0x2 
 .text.sleep_until_callback
                0x2000090c       0x30 CMakeFiles/n64_gamecat.dir/Users/andrew/Development/pico-sdk/src/common/pico_time/time.c.obj
 .text.alarm_pool_irq_handler
                0x2000093c      0x2e0 CMakeFiles/n64_gamecat.dir/Users/andrew/Development/pico-sdk/src/common/pico_time/time.c.obj
 .text.ta_enable_irq_handler
                0x20000c1c       0x2c CMakeFiles/n64_gamecat.dir/Users/andrew/Development/pico-sdk/src/common/pico_time/time.c.obj
 .text.alarm_pool_post_alloc_init
                0x20000c48       0x78 CMakeFiles/n64_gamecat.dir/Users/andrew/Development/pico-sdk/src/common/pico_time/time.c.obj
 .text.alarm_pool_get_default
                0x20000cc0       0x2c CMakeFiles/n64_gamecat.dir/Users/andrew/Development/pico-sdk/src/common/pico_time/time.c.obj
                0x20000cc0                alarm_pool_get_default
 .text.alarm_pool_add_alarm_at_force_in_context
                0x20000cec       0xa4 CMakeFiles/n64_gamecat.dir/Users/andrew/Development/pico-sdk/src/common/pico_time/time.c.obj
                0x20000cec                alarm_pool_add_alarm_at_force_in_context
 .text.alarm_pool_add_alarm_at
                0x20000d90       0x3c CMakeFiles/n64_gamecat.dir/Users/andrew/Development/pico-sdk/src/common/pico_time/time.c.obj
                0x20000d90                alarm_pool_add_alarm_at
 .text.add_alarm_at
                0x20000dcc       0x2e CMakeFiles/n64_gamecat.dir/Users/andrew/Development/pico-sdk/src/common/pico_time/time.c.obj
 *fill*         0x20000dfa        0x2 
 .text.alarm_pool_cancel_alarm
                0x20000dfc       0x78 CMakeFiles/n64_gamecat.dir/Users/andrew/Development/pico-sdk/src/common/pico_time/time.c.obj
                0x20000dfc                alarm_pool_cancel_alarm
 .text.cancel_alarm
                0x20000e74       0x10 CMakeFiles/n64_gamecat.dir/Users/andrew/Development/pico-sdk/src/common/pico_time/time.c.obj
 .text.best_effort_wfe_or_timeout
                0x20000e84       0xc4 CMakeFiles/n64_gamecat.dir/Users/andrew/Development/pico-sdk/src/common/pico_time/time.c.obj
                0x20000e84                best_effort_wfe_or_timeout
 .text.alarm_pool_get_default_timer
                0x20000f48        0x8 CMakeFiles/n64_gamecat.dir/Users/andrew/Development/pico-sdk/src/common/pico_time/time.c.obj
                0x20000f48                alarm_pool_get_default_timer
 .text.runtime_init_default_alarm_pool
                0x20000f50       0x38 CMakeFiles/n64_gamecat.dir/Users/andrew/Development/pico-sdk/src/common/pico_time/time.c.obj
                0x20000f50                runtime_init_default_alarm_pool
 .text.timer_hardware_alarm_claim
                0x20000f88       0x14 CMakeFiles/n64_gamecat.dir/Users/andrew/Development/pico-sdk/src/rp2_common/hardware_timer/timer.c.obj
                0x20000f88                timer_hardware_alarm_claim
 .text.timer_time_us_64
                0x20000f9c       0x10 CMakeFiles/n64_gamecat.dir/Users/andrew/Development/pico-sdk/src/rp2_common/hardware_timer/timer.c.obj
                0x20000f9c                timer_time_us_64
 .text.timer_busy_wait_until
                0x20000fac       0x1a CMakeFiles/n64_gamecat.dir/Users/andrew/Development/pico-sdk/src/rp2_common/hardware_timer/timer.c.obj
                0x20000fac                timer_busy_wait_until
 .text.timer_busy_wait_us
                0x20000fc6       0x38 CMakeFiles/n64_gamecat.dir/Users/andrew/Development/pico-sdk/src/rp2_common/hardware_timer/timer.c.obj
                0x20000fc6                timer_busy_wait_us
 *fill*         0x20000ffe        0x2 
 .text.time_us_64
                0x20001000       0x10 CMakeFiles/n64_gamecat.dir/Users/andrew/Development/pico-sdk/src/rp2_common/hardware_timer/timer.c.obj
                0x20001000                time_us_64
 .text.busy_wait_us
                0x20001010       0x14 CMakeFiles/n64_gamecat.dir/Users/andrew/Development/pico-sdk/src/rp2_common/hardware_timer/timer.c.obj
                0x20001010                busy_wait_us
 .text.uart_unreset
                0x20001024       0x2c CMakeFiles/n64_gamecat.dir/Users/andrew/Development/pico-sdk/src/rp2_common/hardware_uart/uart.c.obj
 .text.uart_disable_before_lcr_write
                0x20001050       0x48 CMakeFiles/n64_gamecat.dir/Users/andrew/Development/pico-sdk/src/rp2_common/hardware_uart/uart.c.obj
 .text.uart_write_lcr_bits_masked
                0x20001098       0x20 CMakeFiles/n64_gamecat.dir/Users/andrew/Development/pico-sdk/src/rp2_common/hardware_uart/uart.c.obj
 .text.uart_set_baudrate
                0x200010b8       0x5c CMakeFiles/n64_gamecat.dir/Users/andrew/Development/pico-sdk/src/rp2_common/hardware_uart/uart.c.obj
                0x200010b8                uart_set_baudrate
 .text.uart_set_translate_crlf
                0x20001114       0x28 CMakeFiles/n64_gamecat.dir/Users/andrew/Development/pico-sdk/src/rp2_common/hardware_uart/uart.c.obj
                0x20001114                uart_set_translate_crlf
 .text.uart_init
                0x2000113c       0x64 CMakeFiles/n64_gamecat.dir/Users/andrew/Development/pico-sdk/src/rp2_common/hardware_uart/uart.c.obj
                0x2000113c                uart_init
 .text.clock_configure_internal
                0x200011a0       0xc4 CMakeFiles/n64_gamecat.dir/Users/andrew/Development/pico-sdk/src/rp2_common/hardware_clocks/clocks.c.obj
 .text.clock_configure_int_divider
                0x20001264       0x28 CMakeFiles/n64_gamecat.dir/Users/andrew/Development/pico-sdk/src/rp2_common/hardware_clocks/clocks.c.obj
                0x20001264                clock_configure_int_divider
 .text.clock_configure_undivided
                0x2000128c       0x12 CMakeFiles/n64_gamecat.dir/Users/andrew/Development/pico-sdk/src/rp2_common/hardware_clocks/clocks.c.obj
                0x2000128c                clock_configure_undivided
 *fill*         0x2000129e        0x2 
 .text.clock_get_hz
                0x200012a0        0xc CMakeFiles/n64_gamecat.dir/Users/andrew/Development/pico-sdk/src/rp2_common/hardware_clocks/clocks.c.obj
                0x200012a0                clock_get_hz
 .text.pll_init
                0x200012ac      0x124 CMakeFiles/n64_gamecat.dir/Users/andrew/Development/pico-sdk/src/rp2_common/hardware_pll/pll.c.obj
                0x200012ac                pll_init
 .text.tick_start
                0x200013d0       0x10 CMakeFiles/n64_gamecat.dir/Users/andrew/Development/pico-sdk/src/rp2_common/hardware_ticks/ticks.c.obj
                0x200013d0                tick_start
 .text.xosc_init
                0x200013e0       0x28 CMakeFiles/n64_gamecat.dir/Users/andrew/Development/pico-sdk/src/rp2_common/hardware_xosc/xosc.c.obj
                0x200013e0                xosc_init
 .text.runtime_run_initializers_from
                0x20001408       0x18 CMakeFiles/n64_gamecat.dir/Users/andrew/Development/pico-sdk/src/rp2_common/pico_runtime/runtime.c.obj
 .text.first_per_core_initializer
                0x20001420        0x2 CMakeFiles/n64_gamecat.dir/Users/andrew/Development/pico-sdk/src/rp2_common/pico_runtime/runtime.c.obj
 *fill*         0x20001422        0x2 
 .text.runtime_run_initializers
                0x20001424       0x10 CMakeFiles/n64_gamecat.dir/Users/andrew/Development/pico-sdk/src/rp2_common/pico_runtime/runtime.c.obj
                0x20001424                runtime_run_initializers
 .text.runtime_init_early_resets
                0x20001434       0x2c CMakeFiles/n64_gamecat.dir/Users/andrew/Development/pico-sdk/src/rp2_common/pico_runtime_init/runtime_init.c.obj
                0x20001434                runtime_init_early_resets
 .text.runtime_init_usb_power_down
                0x20001460       0x1c CMakeFiles/n64_gamecat.dir/Users/andrew/Development/pico-sdk/src/rp2_common/pico_runtime_init/runtime_init.c.obj
                0x20001460                runtime_init_usb_power_down
 .text.runtime_init_post_clock_resets
                0x2000147c       0x20 CMakeFiles/n64_gamecat.dir/Users/andrew/Development/pico-sdk/src/rp2_common/pico_runtime_init/runtime_init.c.obj
                0x2000147c                runtime_init_post_clock_resets
 .text.runtime_init_rp2040_gpio_ie_disable
                0x2000149c       0x14 CMakeFiles/n64_gamecat.dir/Users/andrew/Development/pico-sdk/src/rp2_common/pico_runtime_init/runtime_init.c.obj
                0x2000149c                runtime_init_rp2040_gpio_ie_disable
 .text.runtime_init_spin_locks_reset
                0x200014b0        0x8 CMakeFiles/n64_gamecat.dir/Users/andrew/Development/pico-sdk/src/rp2_common/pico_runtime_init/runtime_init.c.obj
                0x200014b0                runtime_init_spin_locks_reset
 .text.start_all_ticks
                0x200014b8       0x28 CMakeFiles/n64_gamecat.dir/Users/andrew/Development/pico-sdk/src/rp2_common/pico_runtime_init/runtime_init_clocks.c.obj
 .text.runtime_init_clocks
                0x200014e0       0xcc CMakeFiles/n64_gamecat.dir/Users/andrew/Development/pico-sdk/src/rp2_common/pico_runtime_init/runtime_init_clocks.c.obj
                0x200014e0                runtime_init_clocks
 .text          0x200015ac       0x10 CMakeFiles/n64_gamecat.dir/Users/andrew/Development/pico-sdk/src/rp2_common/pico_bit_ops/bit_ops_aeabi.S.obj
 .text.rom_func_lookup
                0x200015bc       0x10 CMakeFiles/n64_gamecat.dir/Users/andrew/Development/pico-sdk/src/rp2_common/pico_bootrom/bootrom.c.obj
                0x200015bc                rom_func_lookup
 .text.rom_data_lookup
                0x200015cc       0x10 CMakeFiles/n64_gamecat.dir/Users/andrew/Development/pico-sdk/src/rp2_common/pico_bootrom/bootrom.c.obj
                0x200015cc                rom_data_lookup
 .text.rom_funcs_lookup
                0x200015dc       0x36 CMakeFiles/n64_gamecat.dir/Users/andrew/Development/pico-sdk/src/rp2_common/pico_bootrom/bootrom.c.obj
                0x200015dc                rom_funcs_lookup
 *fill*         0x20001612        0x2 
 .text.__wrap___aeabi_idiv
                0x20001614       0x50 CMakeFiles/n64_gamecat.dir/Users/andrew/Development/pico-sdk/src/rp2_common/pico_divider/divider_hardware.S.obj
                0x20001614                __wrap___aeabi_idivmod
                0x20001614                divmod_s32s32
                0x20001614                div_s32s32
                0x20001614                __wrap___aeabi_idiv
                0x2000161c                divmod_s32s32_unsafe
                0x20001648                divmod_s32s32_savestate
 .text.__wrap___aeabi_uidiv
                0x20001664       0x4c CMakeFiles/n64_gamecat.dir/Users/andrew/Development/pico-sdk/src/rp2_common/pico_divider/divider_hardware.S.obj
                0x20001664                __wrap___aeabi_uidiv
                0x20001664                __wrap___aeabi_uidivmod
                0x20001664                div_u32u32
                0x20001664                divmod_u32u32
                0x2000166c                divmod_u32u32_unsafe
                0x20001694                divmod_u32u32_savestate
 .text.__wrap___aeabi_ldiv
                0x200016b0      0x424 CMakeFiles/n64_gamecat.dir/Users/andrew/Development/pico-sdk/src/rp2_common/pico_divider/divider_hardware.S.obj
                0x200016b0                __wrap___aeabi_ldivmod
                0x200016b0                div_s64s64
                0x200016b0                divmod_s64s64
                0x200016e0                divmod_u64u64
                0x200016e0                div_u64u64
                0x200016e0                __wrap___aeabi_uldivmod
                0x200016f0                divmod_u64u64_savestate
                0x20001710                divmod_s64s64_unsafe
                0x20001798                divmod_u64u64_unsafe
 .text.__wrap___aeabi_darithmetic
                0x20001ad4       0x80 CMakeFiles/n64_gamecat.dir/Users/andrew/Development/pico-sdk/src/rp2_common/pico_double/double_aeabi_rp2040.S.obj
                0x20001ad4                __wrap___aeabi_drsub
                0x20001ada                __wrap___aeabi_dsub
                0x20001aec                __wrap___aeabi_dadd
                0x20001afe                __wrap___aeabi_ddiv
                0x20001b3a                __wrap___aeabi_dmul
 .text.__wrap___aeabi_cdcmple
                0x20001b54       0x6c CMakeFiles/n64_gamecat.dir/Users/andrew/Development/pico-sdk/src/rp2_common/pico_double/double_aeabi_rp2040.S.obj
                0x20001b54                __wrap___aeabi_cdrcmple
                0x20001b64                __wrap___aeabi_cdcmple
                0x20001b64                __wrap___aeabi_cdcmpeq
 .text.__wrap___aeabi_dcmplt
                0x20001bc0        0xc CMakeFiles/n64_gamecat.dir/Users/andrew/Development/pico-sdk/src/rp2_common/pico_double/double_aeabi_rp2040.S.obj
                0x20001bc0                __wrap___aeabi_dcmplt
 .text.__wrap___aeabi_dcmple
                0x20001bcc       0x10 CMakeFiles/n64_gamecat.dir/Users/andrew/Development/pico-sdk/src/rp2_common/pico_double/double_aeabi_rp2040.S.obj
                0x20001bcc                __wrap___aeabi_dcmple
 .text.__wrap___aeabi_dcmpge
                0x20001bdc       0x10 CMakeFiles/n64_gamecat.dir/Users/andrew/Development/pico-sdk/src/rp2_common/pico_double/double_aeabi_rp2040.S.obj
                0x20001bdc                __wrap___aeabi_dcmpge
 .text.__wrap___aeabi_dcmpgt
                0x20001bec        0xa CMakeFiles/n64_gamecat.dir/Users/andrew/Development/pico-sdk/src/rp2_common/pico_double/double_aeabi_rp2040.S.obj
                0x20001bec                __wrap___aeabi_dcmpgt
 .text.__wrap___aeabi_dcmpun
                0x20001bf6       0x18 CMakeFiles/n64_gamecat.dir/Users/andrew/Development/pico-sdk/src/rp2_common/pico_double/double_aeabi_rp2040.S.obj
                0x20001bf6                __wrap___aeabi_dcmpun
 *fill*         0x20001c0e        0x2 
 .text.__wrap___aeabi_i2d
                0x20001c10       0x38 CMakeFiles/n64_gamecat.dir/Users/andrew/Development/pico-sdk/src/rp2_common/pico_double/double_aeabi_rp2040.S.obj
                0x20001c10                __wrap___aeabi_ui2d
                0x20001c18                __wrap___aeabi_i2d
 .text.__wrap___aeabi_d2iz
                0x20001c48       0x48 CMakeFiles/n64_gamecat.dir/Users/andrew/Development/pico-sdk/src/rp2_common/pico_double/double_aeabi_rp2040.S.obj
                0x20001c48                __wrap___aeabi_d2iz
                0x20001c48                double2int_z
 .text.__wrap___aeabi_d2uiz
                0x20001c90       0x18 CMakeFiles/n64_gamecat.dir/Users/andrew/Development/pico-sdk/src/rp2_common/pico_double/double_aeabi_rp2040.S.obj
                0x20001c90                double2uint
                0x20001c90                __wrap___aeabi_d2uiz
 .text.__aeabi_double_init
                0x20001ca8       0xcc CMakeFiles/n64_gamecat.dir/Users/andrew/Development/pico-sdk/src/rp2_common/pico_double/double_init_rom_rp2040.c.obj
                0x20001ca8                __aeabi_double_init
 .text.double_table_shim_on_use_helper
                0x20001d74       0x34 CMakeFiles/n64_gamecat.dir/Users/andrew/Development/pico-sdk/src/rp2_common/pico_double/double_v1_rom_shim_rp2040.S.obj
                0x20001d74                double_table_shim_on_use_helper
 .text.__wrap___aeabi_dsub
                0x20001da8       0x10 CMakeFiles/n64_gamecat.dir/Users/andrew/Development/pico-sdk/src/rp2_common/pico_double/double_v1_rom_shim_rp2040.S.obj
                0x20001da8                drsub_shim
                0x20001dae                dsub_shim
 .text.dadd_shim
                0x20001db8      0x15c CMakeFiles/n64_gamecat.dir/Users/andrew/Development/pico-sdk/src/rp2_common/pico_double/double_v1_rom_shim_rp2040.S.obj
                0x20001db8                dadd_shim
 .text.dmul_shim
                0x20001f14      0x15c CMakeFiles/n64_gamecat.dir/Users/andrew/Development/pico-sdk/src/rp2_common/pico_double/double_v1_rom_shim_rp2040.S.obj
                0x20001f14                dmul_shim
 .text.ddiv_shim
                0x20002070      0x1b0 CMakeFiles/n64_gamecat.dir/Users/andrew/Development/pico-sdk/src/rp2_common/pico_double/double_v1_rom_shim_rp2040.S.obj
                0x20002070                ddiv_shim
 .text.double2uint_shim
                0x20002220        0xe CMakeFiles/n64_gamecat.dir/Users/andrew/Development/pico-sdk/src/rp2_common/pico_double/double_v1_rom_shim_rp2040.S.obj
                0x20002220                double2uint_shim
                0x20002222                double2ufix_shim
 *fill*         0x2000222e        0x2 
 .text.double2uint64_shim
                0x20002230       0x70 CMakeFiles/n64_gamecat.dir/Users/andrew/Development/pico-sdk/src/rp2_common/pico_double/double_v1_rom_shim_rp2040.S.obj
                0x20002230                double2uint64_shim
                0x20002232                double2ufix64_shim
                0x20002252                d2fix_a
 .text.dunpacks
                0x200022a0       0x3c CMakeFiles/n64_gamecat.dir/Users/andrew/Development/pico-sdk/src/rp2_common/pico_double/double_v1_rom_shim_rp2040.S.obj
                0x200022a0                dunpacks
 .text.__aeabi_float_init
                0x200022dc       0xfc CMakeFiles/n64_gamecat.dir/Users/andrew/Development/pico-sdk/src/rp2_common/pico_float/float_init_rom_rp2040.c.obj
                0x200022dc                __aeabi_float_init
 .text.float_table_shim_on_use_helper
                0x200023d8       0x34 CMakeFiles/n64_gamecat.dir/Users/andrew/Development/pico-sdk/src/rp2_common/pico_float/float_v1_rom_shim_rp2040.S.obj
                0x200023d8                float_table_shim_on_use_helper
 .text          0x2000240c       0x10 CMakeFiles/n64_gamecat.dir/Users/andrew/Development/pico-sdk/src/rp2_common/pico_mem_ops/mem_ops_aeabi.S.obj
                0x2000240c                __aeabi_mem_init
 .text.memcpy   0x2000241c        0xc CMakeFiles/n64_gamecat.dir/Users/andrew/Development/pico-sdk/src/rp2_common/pico_mem_ops/mem_ops_aeabi.S.obj
                0x2000241c                __wrap___aeabi_memcpy
                0x2000241c                __wrap_memcpy
 .text._out_null
                0x20002428        0x2 CMakeFiles/n64_gamecat.dir/Users/andrew/Development/pico-sdk/src/rp2_common/pico_printf/printf.c.obj
 .text._out_fct
                0x2000242a        0xe CMakeFiles/n64_gamecat.dir/Users/andrew/Development/pico-sdk/src/rp2_common/pico_printf/printf.c.obj
 .text._atoi    0x20002438       0x24 CMakeFiles/n64_gamecat.dir/Users/andrew/Development/pico-sdk/src/rp2_common/pico_printf/printf.c.obj
 .text._out_rev
                0x2000245c       0xae CMakeFiles/n64_gamecat.dir/Users/andrew/Development/pico-sdk/src/rp2_common/pico_printf/printf.c.obj
 .text._ntoa_format
                0x2000250a      0x110 CMakeFiles/n64_gamecat.dir/Users/andrew/Development/pico-sdk/src/rp2_common/pico_printf/printf.c.obj
 .text._ntoa_long
                0x2000261a       0xbc CMakeFiles/n64_gamecat.dir/Users/andrew/Development/pico-sdk/src/rp2_common/pico_printf/printf.c.obj
 .text._ntoa_long_long
                0x200026d6      0x10e CMakeFiles/n64_gamecat.dir/Users/andrew/Development/pico-sdk/src/rp2_common/pico_printf/printf.c.obj
 .text._etoa    0x200027e4      0x420 CMakeFiles/n64_gamecat.dir/Users/andrew/Development/pico-sdk/src/rp2_common/pico_printf/printf.c.obj
 .text._ftoa    0x20002c04      0x354 CMakeFiles/n64_gamecat.dir/Users/andrew/Development/pico-sdk/src/rp2_common/pico_printf/printf.c.obj
 .text._vsnprintf
                0x20002f58      0x668 CMakeFiles/n64_gamecat.dir/Users/andrew/Development/pico-sdk/src/rp2_common/pico_printf/printf.c.obj
 .text.vfctprintf
                0x200035c0       0x20 CMakeFiles/n64_gamecat.dir/Users/andrew/Development/pico-sdk/src/rp2_common/pico_printf/printf.c.obj
                0x200035c0                vfctprintf
 .text._exit    0x200035e0        0x4 CMakeFiles/n64_gamecat.dir/Users/andrew/Development/pico-sdk/src/rp2_common/pico_clib_interface/newlib_interface.c.obj
                0x200035e0                _exit
 .text.exit     0x200035e4        0x6 CMakeFiles/n64_gamecat.dir/Users/andrew/Development/pico-sdk/src/rp2_common/pico_clib_interface/newlib_interface.c.obj
                0x200035e4                exit
 *fill*         0x200035ea        0x2 
 .text.__assert_func
                0x200035ec       0x38 CMakeFiles/n64_gamecat.dir/Users/andrew/Development/pico-sdk/src/rp2_common/pico_clib_interface/newlib_interface.c.obj
                0x200035ec                __assert_func
 .text.runtime_init
                0x20003624       0x28 CMakeFiles/n64_gamecat.dir/Users/andrew/Development/pico-sdk/src/rp2_common/pico_clib_interface/newlib_interface.c.obj
                0x20003624                runtime_init
 .text.stdio_out_chars_no_crlf
                0x2000364c        0xe CMakeFiles/n64_gamecat.dir/Users/andrew/Development/pico-sdk/src/rp2_common/pico_stdio/stdio.c.obj
 *fill*         0x2000365a        0x2 
 .text.stdio_out_chars_crlf
                0x2000365c       0x80 CMakeFiles/n64_gamecat.dir/Users/andrew/Development/pico-sdk/src/rp2_common/pico_stdio/stdio.c.obj
 .text.stdio_stack_buffer_flush
                0x200036dc       0x44 CMakeFiles/n64_gamecat.dir/Users/andrew/Development/pico-sdk/src/rp2_common/pico_stdio/stdio.c.obj
 .text.stdio_buffered_printer
                0x20003720       0x20 CMakeFiles/n64_gamecat.dir/Users/andrew/Development/pico-sdk/src/rp2_common/pico_stdio/stdio.c.obj
 .text.stdout_serialize_begin
                0x20003740       0x30 CMakeFiles/n64_gamecat.dir/Users/andrew/Development/pico-sdk/src/rp2_common/pico_stdio/stdio.c.obj
                0x20003740                stdout_serialize_begin
 .text.stdout_serialize_end
                0x20003770       0x10 CMakeFiles/n64_gamecat.dir/Users/andrew/Development/pico-sdk/src/rp2_common/pico_stdio/stdio.c.obj
                0x20003770                stdout_serialize_end
 .text.stdio_put_string
                0x20003780       0x94 CMakeFiles/n64_gamecat.dir/Users/andrew/Development/pico-sdk/src/rp2_common/pico_stdio/stdio.c.obj
                0x20003780                stdio_put_string
 .text.stdio_set_driver_enabled
                0x20003814       0x2c CMakeFiles/n64_gamecat.dir/Users/andrew/Development/pico-sdk/src/rp2_common/pico_stdio/stdio.c.obj
                0x20003814                stdio_set_driver_enabled
 .text.stdio_flush
                0x20003840       0x20 CMakeFiles/n64_gamecat.dir/Users/andrew/Development/pico-sdk/src/rp2_common/pico_stdio/stdio.c.obj
                0x20003840                stdio_flush
 .text.stdio_init_all
                0x20003860        0xa CMakeFiles/n64_gamecat.dir/Users/andrew/Development/pico-sdk/src/rp2_common/pico_stdio/stdio.c.obj
                0x20003860                stdio_init_all
 .text.__wrap_puts
                0x2000386a       0x1e CMakeFiles/n64_gamecat.dir/Users/andrew/Development/pico-sdk/src/rp2_common/pico_stdio/stdio.c.obj
                0x2000386a                __wrap_puts
                0x2000386a                stdio_puts
 .text.__wrap_vprintf
                0x20003888       0x40 CMakeFiles/n64_gamecat.dir/Users/andrew/Development/pico-sdk/src/rp2_common/pico_stdio/stdio.c.obj
                0x20003888                __wrap_vprintf
                0x20003888                stdio_vprintf
 .text.__wrap_printf
                0x200038c8       0x18 CMakeFiles/n64_gamecat.dir/Users/andrew/Development/pico-sdk/src/rp2_common/pico_stdio/stdio.c.obj
                0x200038c8                stdio_printf
                0x200038c8                __wrap_printf
 .text.uart_putc
                0x200038e0       0x60 CMakeFiles/n64_gamecat.dir/Users/andrew/Development/pico-sdk/src/rp2_common/pico_stdio_uart/stdio_uart.c.obj
 .text.uart_getc
                0x20003940       0x24 CMakeFiles/n64_gamecat.dir/Users/andrew/Development/pico-sdk/src/rp2_common/pico_stdio_uart/stdio_uart.c.obj
 .text.stdio_uart_out_chars
                0x20003964       0x20 CMakeFiles/n64_gamecat.dir/Users/andrew/Development/pico-sdk/src/rp2_common/pico_stdio_uart/stdio_uart.c.obj
 .text.stdio_uart_in_chars
                0x20003984       0x5c CMakeFiles/n64_gamecat.dir/Users/andrew/Development/pico-sdk/src/rp2_common/pico_stdio_uart/stdio_uart.c.obj
                0x20003984                stdio_uart_in_chars
 .text.on_uart_rx
                0x200039e0       0x28 CMakeFiles/n64_gamecat.dir/Users/andrew/Development/pico-sdk/src/rp2_common/pico_stdio_uart/stdio_uart.c.obj
 .text.stdio_uart_out_flush
                0x20003a08       0x10 CMakeFiles/n64_gamecat.dir/Users/andrew/Development/pico-sdk/src/rp2_common/pico_stdio_uart/stdio_uart.c.obj
 .text.stdio_uart_set_chars_available_callback
                0x20003a18       0x8c CMakeFiles/n64_gamecat.dir/Users/andrew/Development/pico-sdk/src/rp2_common/pico_stdio_uart/stdio_uart.c.obj
 .text.stdio_uart_init_full
                0x20003aa4       0x44 CMakeFiles/n64_gamecat.dir/Users/andrew/Development/pico-sdk/src/rp2_common/pico_stdio_uart/stdio_uart.c.obj
                0x20003aa4                stdio_uart_init_full
 .text.stdio_uart_init
                0x20003ae8       0x30 CMakeFiles/n64_gamecat.dir/Users/andrew/Development/pico-sdk/src/rp2_common/pico_stdio_uart/stdio_uart.c.obj
                0x20003ae8                stdio_uart_init
 .text          0x20003b18        0x4 /Applications/ArmGNUToolchain/13.3.rel1/arm-none-eabi/bin/../lib/gcc/arm-none-eabi/13.3.1/thumb/v6-m/nofp/libgcc.a(_dvmd_tls.o)
                0x20003b18                __aeabi_ldiv0
                0x20003b18                __aeabi_idiv0
 .text.strlen   0x20003b1c       0x5c /Applications/ArmGNUToolchain/13.3.rel1/arm-none-eabi/bin/../lib/gcc/arm-none-eabi/13.3.1/../../../../arm-none-eabi/lib/thumb/v6-m/nofp/libg.a(libc_a-strlen-stub.o)
                0x20003b1c                strlen
                0x20003b78                        . = ALIGN (0x4)
 *(.init)
 *(.fini)
 *crtbegin.o(.ctors)
 *crtbegin?.o(.ctors)
 *(EXCLUDE_FILE(*crtend.o *crtend?.o) .ctors)
 *(SORT_BY_NAME(.ctors.*))
 *(.ctors)
 *crtbegin.o(.dtors)
 *crtbegin?.o(.dtors)
 *(EXCLUDE_FILE(*crtend.o *crtend?.o) .dtors)
 *(SORT_BY_NAME(.dtors.*))
 *(.dtors)
 *(.eh_frame*)

.glue_7         0x20003b78        0x0
 .glue_7        0x20003b78        0x0 linker stubs

.glue_7t        0x20003b78        0x0
 .glue_7t       0x20003b78        0x0 linker stubs

.vfp11_veneer   0x20003b78        0x0
 .vfp11_veneer  0x20003b78        0x0 linker stubs

.v4_bx          0x20003b78        0x0
 .v4_bx         0x20003b78        0x0 linker stubs

.iplt           0x20003b78        0x0
 .iplt          0x20003b78        0x0 CMakeFiles/n64_gamecat.dir/n64_gamecat.cpp.obj

.rodata         0x20003b78      0x920
                0x20003b78                        . = ALIGN (0x4)
 *(.rodata*)
 .rodata.main.str1.4
                0x20003b78      0x5d8 CMakeFiles/n64_gamecat.dir/n64_gamecat.cpp.obj
                                  0xe (size before relaxing)
 .rodata.panic.str1.4
                0x20004150       0x12 CMakeFiles/n64_gamecat.dir/Users/andrew/Development/pico-sdk/src/rp2_common/pico_platform_panic/panic.c.obj
 .rodata.resolve_j_16.str1.4
                0x20004150       0x5d CMakeFiles/n64_gamecat.dir/Users/andrew/Development/pico-sdk/src/rp2_common/hardware_irq/irq.c.obj
 .rodata.make_j_16.str1.4
                0x20004150       0x30 CMakeFiles/n64_gamecat.dir/Users/andrew/Development/pico-sdk/src/rp2_common/hardware_irq/irq.c.obj
 .rodata.insert_bl_32.str1.4
                0x20004150       0x10 CMakeFiles/n64_gamecat.dir/Users/andrew/Development/pico-sdk/src/rp2_common/hardware_irq/irq.c.obj
 .rodata.irq_set_exclusive_handler.str1.4
                0x20004150       0x36 CMakeFiles/n64_gamecat.dir/Users/andrew/Development/pico-sdk/src/rp2_common/hardware_irq/irq.c.obj
 .rodata.irq_remove_handler.str1.4
                0x20004150       0x3a CMakeFiles/n64_gamecat.dir/Users/andrew/Development/pico-sdk/src/rp2_common/hardware_irq/irq.c.obj
 .rodata.irq_add_tail_to_free_list.str1.4
                0x20004150       0x3a CMakeFiles/n64_gamecat.dir/Users/andrew/Development/pico-sdk/src/rp2_common/hardware_irq/irq.c.obj
 .rodata.__func__.0
                0x20004150       0x1a CMakeFiles/n64_gamecat.dir/Users/andrew/Development/pico-sdk/src/rp2_common/hardware_irq/irq.c.obj
 *fill*         0x2000416a        0x2 
 .rodata.__func__.1
                0x2000416c        0xd CMakeFiles/n64_gamecat.dir/Users/andrew/Development/pico-sdk/src/rp2_common/hardware_irq/irq.c.obj
 *fill*         0x20004179        0x3 
 .rodata.__func__.2
                0x2000417c       0x13 CMakeFiles/n64_gamecat.dir/Users/andrew/Development/pico-sdk/src/rp2_common/hardware_irq/irq.c.obj
 *fill*         0x2000418f        0x1 
 .rodata.__func__.3
                0x20004190        0xa CMakeFiles/n64_gamecat.dir/Users/andrew/Development/pico-sdk/src/rp2_common/hardware_irq/irq.c.obj
 *fill*         0x2000419a        0x2 
 .rodata.__func__.4
                0x2000419c        0xd CMakeFiles/n64_gamecat.dir/Users/andrew/Development/pico-sdk/src/rp2_common/hardware_irq/irq.c.obj
 *fill*         0x200041a9        0x3 
 .rodata.__func__.6
                0x200041ac       0x1a CMakeFiles/n64_gamecat.dir/Users/andrew/Development/pico-sdk/src/rp2_common/hardware_irq/irq.c.obj
 .rodata.runtime_init_mutex.str1.4
                0x200041c6       0x60 CMakeFiles/n64_gamecat.dir/Users/andrew/Development/pico-sdk/src/common/pico_sync/mutex.c.obj
 .rodata.str1.4
                0x200041c6       0x51 CMakeFiles/n64_gamecat.dir/Users/andrew/Development/pico-sdk/src/common/pico_sync/mutex.c.obj
 *fill*         0x200041c6        0x2 
 .rodata.__func__.1
                0x200041c8        0xb CMakeFiles/n64_gamecat.dir/Users/andrew/Development/pico-sdk/src/common/pico_sync/mutex.c.obj
 *fill*         0x200041d3        0x1 
 .rodata.__func__.3
                0x200041d4       0x18 CMakeFiles/n64_gamecat.dir/Users/andrew/Development/pico-sdk/src/common/pico_sync/mutex.c.obj
 .rodata.__func__.6
                0x200041ec       0x13 CMakeFiles/n64_gamecat.dir/Users/andrew/Development/pico-sdk/src/common/pico_sync/mutex.c.obj
 .rodata.alarm_pool_irq_handler.str1.4
                0x200041ff       0x6b CMakeFiles/n64_gamecat.dir/Users/andrew/Development/pico-sdk/src/common/pico_time/time.c.obj
 .rodata.alarm_pool_get_default.str1.4
                0x200041ff       0x21 CMakeFiles/n64_gamecat.dir/Users/andrew/Development/pico-sdk/src/common/pico_time/time.c.obj
 *fill*         0x200041ff        0x1 
 .rodata.__func__.1
                0x20004200       0x17 CMakeFiles/n64_gamecat.dir/Users/andrew/Development/pico-sdk/src/common/pico_time/time.c.obj
 *fill*         0x20004217        0x1 
 .rodata.__func__.2
                0x20004218       0x17 CMakeFiles/n64_gamecat.dir/Users/andrew/Development/pico-sdk/src/common/pico_time/time.c.obj
 .rodata.timer_hardware_alarm_claim.str1.4
                0x2000422f       0x22 CMakeFiles/n64_gamecat.dir/Users/andrew/Development/pico-sdk/src/rp2_common/hardware_timer/timer.c.obj
 .rodata.pll_init.str1.4
                0x2000422f      0x11c CMakeFiles/n64_gamecat.dir/Users/andrew/Development/pico-sdk/src/rp2_common/hardware_pll/pll.c.obj
 *fill*         0x2000422f        0x1 
 .rodata.__func__.0
                0x20004230        0x9 CMakeFiles/n64_gamecat.dir/Users/andrew/Development/pico-sdk/src/rp2_common/hardware_pll/pll.c.obj
 .rodata.__aeabi_double_init.str1.4
                0x20004239       0x9b CMakeFiles/n64_gamecat.dir/Users/andrew/Development/pico-sdk/src/rp2_common/pico_double/double_init_rom_rp2040.c.obj
 *fill*         0x20004239        0x3 
 .rodata.__func__.0
                0x2000423c       0x14 CMakeFiles/n64_gamecat.dir/Users/andrew/Development/pico-sdk/src/rp2_common/pico_double/double_init_rom_rp2040.c.obj
 .rodata.__aeabi_float_init.str1.4
                0x20004250       0x8d CMakeFiles/n64_gamecat.dir/Users/andrew/Development/pico-sdk/src/rp2_common/pico_float/float_init_rom_rp2040.c.obj
 .rodata.__func__.0
                0x20004250       0x13 CMakeFiles/n64_gamecat.dir/Users/andrew/Development/pico-sdk/src/rp2_common/pico_float/float_init_rom_rp2040.c.obj
 .rodata.str1.4
                0x20004263       0x34 CMakeFiles/n64_gamecat.dir/Users/andrew/Development/pico-sdk/src/rp2_common/pico_standard_binary_info/standard_binary_info.c.obj
 *fill*         0x20004263        0x1 
 .rodata.__bi_84
                0x20004264        0xc CMakeFiles/n64_gamecat.dir/Users/andrew/Development/pico-sdk/src/rp2_common/pico_standard_binary_info/standard_binary_info.c.obj
 .rodata.__bi_60
                0x20004270        0xc CMakeFiles/n64_gamecat.dir/Users/andrew/Development/pico-sdk/src/rp2_common/pico_standard_binary_info/standard_binary_info.c.obj
 .rodata.__bi_48
                0x2000427c        0xc CMakeFiles/n64_gamecat.dir/Users/andrew/Development/pico-sdk/src/rp2_common/pico_standard_binary_info/standard_binary_info.c.obj
 .rodata._ftoa.str1.4
                0x20004288       0x15 CMakeFiles/n64_gamecat.dir/Users/andrew/Development/pico-sdk/src/rp2_common/pico_printf/printf.c.obj
 .rodata._vsnprintf
                0x20004288      0x19c CMakeFiles/n64_gamecat.dir/Users/andrew/Development/pico-sdk/src/rp2_common/pico_printf/printf.c.obj
 *fill*         0x20004424        0x4 
 .rodata.pow10.0
                0x20004428       0x50 CMakeFiles/n64_gamecat.dir/Users/andrew/Development/pico-sdk/src/rp2_common/pico_printf/printf.c.obj
 .rodata.__assert_func.str1.4
                0x20004478       0x43 CMakeFiles/n64_gamecat.dir/Users/andrew/Development/pico-sdk/src/rp2_common/pico_clib_interface/newlib_interface.c.obj
 .rodata.crlf_str.0
                0x20004478        0x2 CMakeFiles/n64_gamecat.dir/Users/andrew/Development/pico-sdk/src/rp2_common/pico_stdio/stdio.c.obj
 .rodata.str1.4
                0x2000447a       0x2c CMakeFiles/n64_gamecat.dir/Users/andrew/Development/pico-sdk/src/rp2_common/pico_stdio_uart/stdio_uart.c.obj
 *fill*         0x2000447a        0x2 
 .rodata.__bi_45.4
                0x2000447c        0xc CMakeFiles/n64_gamecat.dir/Users/andrew/Development/pico-sdk/src/rp2_common/pico_stdio_uart/stdio_uart.c.obj
 .rodata.__bi_49.5
                0x20004488        0x8 CMakeFiles/n64_gamecat.dir/Users/andrew/Development/pico-sdk/src/rp2_common/pico_stdio_uart/stdio_uart.c.obj
 .rodata.__bi_50.6
                0x20004490        0x8 CMakeFiles/n64_gamecat.dir/Users/andrew/Development/pico-sdk/src/rp2_common/pico_stdio_uart/stdio_uart.c.obj
                0x20004498                        . = ALIGN (0x4)
 *(SORT_BY_ALIGNMENT(SORT_BY_NAME(.flashdata*)))
                0x20004498                        . = ALIGN (0x4)

.ARM.extab
 *(.ARM.extab* .gnu.linkonce.armextab.*)
                0x20004498                        __exidx_start = .

.ARM.exidx
 *(.ARM.exidx* .gnu.linkonce.armexidx.*)
                0x20004498                        __exidx_end = .
                0x20004498                        . = ALIGN (0x4)
                0x20004498                        __binary_info_start = .

.binary_info    0x20004498       0x24
 *(.binary_info.keep.*)
 .binary_info.keep.__bi_ptr84
                0x20004498        0x4 CMakeFiles/n64_gamecat.dir/Users/andrew/Development/pico-sdk/src/rp2_common/pico_standard_binary_info/standard_binary_info.c.obj
 .binary_info.keep.__bi_ptr60
                0x2000449c        0x4 CMakeFiles/n64_gamecat.dir/Users/andrew/Development/pico-sdk/src/rp2_common/pico_standard_binary_info/standard_binary_info.c.obj
 .binary_info.keep.__bi_ptr54
                0x200044a0        0x4 CMakeFiles/n64_gamecat.dir/Users/andrew/Development/pico-sdk/src/rp2_common/pico_standard_binary_info/standard_binary_info.c.obj
 .binary_info.keep.__bi_ptr48
                0x200044a4        0x4 CMakeFiles/n64_gamecat.dir/Users/andrew/Development/pico-sdk/src/rp2_common/pico_standard_binary_info/standard_binary_info.c.obj
 .binary_info.keep.__bi_ptr42
                0x200044a8        0x4 CMakeFiles/n64_gamecat.dir/Users/andrew/Development/pico-sdk/src/rp2_common/pico_standard_binary_info/standard_binary_info.c.obj
 .binary_info.keep.__bi_ptr34
                0x200044ac        0x4 CMakeFiles/n64_gamecat.dir/Users/andrew/Development/pico-sdk/src/rp2_common/pico_standard_binary_info/standard_binary_info.c.obj
 *(.binary_info.*)
 .binary_info.__bi_ptr50
                0x200044b0        0x4 CMakeFiles/n64_gamecat.dir/Users/andrew/Development/pico-sdk/src/rp2_common/pico_stdio_uart/stdio_uart.c.obj
 .binary_info.__bi_ptr49
                0x200044b4        0x4 CMakeFiles/n64_gamecat.dir/Users/andrew/Development/pico-sdk/src/rp2_common/pico_stdio_uart/stdio_uart.c.obj
 .binary_info.__bi_ptr45
                0x200044b8        0x4 CMakeFiles/n64_gamecat.dir/Users/andrew/Development/pico-sdk/src/rp2_common/pico_stdio_uart/stdio_uart.c.obj
                0x200044bc                        __binary_info_end = .

.rel.dyn        0x200044bc        0x0
 .rel.iplt      0x200044bc        0x0 CMakeFiles/n64_gamecat.dir/n64_gamecat.cpp.obj
                0x200044bc                        . = ALIGN (0x4)

.data           0x200044c0       0xe8
                0x200044c0                        __data_start__ = .
 *(vtable)
 *(.data*)
 .data.striped_spin_lock_num
                0x200044c0        0x1 CMakeFiles/n64_gamecat.dir/Users/andrew/Development/pico-sdk/src/rp2_common/hardware_sync/sync.c.obj
 *fill*         0x200044c1        0x3 
 .data          0x200044c4       0x48 CMakeFiles/n64_gamecat.dir/Users/andrew/Development/pico-sdk/src/rp2_common/hardware_irq/irq_handler_chain.S.obj
                0x200044c4                irq_handler_chain_slots
                0x200044f4                irq_handler_chain_first_slot
                0x200044fe                irq_handler_chain_remove_tail
 .data.default_alarm_pool
                0x2000450c       0x18 CMakeFiles/n64_gamecat.dir/Users/andrew/Development/pico-sdk/src/common/pico_time/time.c.obj
 *fill*         0x20004524        0xc 
 .data.aeabi_bits_funcs
                0x20004530       0x10 CMakeFiles/n64_gamecat.dir/Users/andrew/Development/pico-sdk/src/rp2_common/pico_bit_ops/bit_ops_aeabi.S.obj
                0x20004530                aeabi_bits_funcs
                0x20004540                aeabi_bits_funcs_end
 .data.aeabi_mem_funcs
                0x20004540       0x10 CMakeFiles/n64_gamecat.dir/Users/andrew/Development/pico-sdk/src/rp2_common/pico_mem_ops/mem_ops_aeabi.S.obj
                0x20004540                aeabi_mem_funcs
                0x20004550                aeabi_mem_funcs_end
 .data.stdio_uart
                0x20004550       0x18 CMakeFiles/n64_gamecat.dir/Users/andrew/Development/pico-sdk/src/rp2_common/pico_stdio_uart/stdio_uart.c.obj
                0x20004550                stdio_uart
                0x20004568                        . = ALIGN (0x4)
 *(.after_data.*)
                0x20004568                        . = ALIGN (0x4)
                0x20004568                        PROVIDE (__mutex_array_start = .)
 *(SORT_BY_NAME(.mutex_array.*))
 *(.mutex_array)
 .mutex_array   0x20004568        0x8 CMakeFiles/n64_gamecat.dir/Users/andrew/Development/pico-sdk/src/rp2_common/pico_stdio/stdio.c.obj
                0x20004570                        PROVIDE (__mutex_array_end = .)
                0x20004570                        . = ALIGN (0x4)
                0x20004570                        PROVIDE (__preinit_array_start = .)
 *(SORT_BY_NAME(.preinit_array.*))
 .preinit_array.00100
                0x20004570        0x4 CMakeFiles/n64_gamecat.dir/Users/andrew/Development/pico-sdk/src/rp2_common/pico_runtime_init/runtime_init.c.obj
                0x20004570                __pre_init_runtime_init_early_resets
 .preinit_array.00101
                0x20004574        0x4 CMakeFiles/n64_gamecat.dir/Users/andrew/Development/pico-sdk/src/rp2_common/pico_runtime_init/runtime_init.c.obj
                0x20004574                __pre_init_runtime_init_usb_power_down
 .preinit_array.00275
                0x20004578        0x4 CMakeFiles/n64_gamecat.dir/Users/andrew/Development/pico-sdk/src/rp2_common/pico_bit_ops/bit_ops_aeabi.S.obj
 .preinit_array.00300
                0x2000457c        0x4 CMakeFiles/n64_gamecat.dir/Users/andrew/Development/pico-sdk/src/rp2_common/pico_mem_ops/mem_ops_aeabi.S.obj
 .preinit_array.00350
                0x20004580        0x4 CMakeFiles/n64_gamecat.dir/Users/andrew/Development/pico-sdk/src/rp2_common/pico_double/double_aeabi_rp2040.S.obj
 .preinit_array.00350
                0x20004584        0x4 CMakeFiles/n64_gamecat.dir/Users/andrew/Development/pico-sdk/src/rp2_common/pico_float/float_aeabi_rp2040.S.obj
 .preinit_array.00500
                0x20004588        0x4 CMakeFiles/n64_gamecat.dir/Users/andrew/Development/pico-sdk/src/rp2_common/pico_runtime_init/runtime_init.c.obj
                0x20004588                __pre_init_runtime_init_clocks
 .preinit_array.00600
                0x2000458c        0x4 CMakeFiles/n64_gamecat.dir/Users/andrew/Development/pico-sdk/src/rp2_common/pico_runtime_init/runtime_init.c.obj
                0x2000458c                __pre_init_runtime_init_post_clock_resets
 .preinit_array.00700
                0x20004590        0x4 CMakeFiles/n64_gamecat.dir/Users/andrew/Development/pico-sdk/src/rp2_common/pico_runtime_init/runtime_init.c.obj
                0x20004590                __pre_init_runtime_init_rp2040_gpio_ie_disable
 .preinit_array.01000
                0x20004594        0x4 CMakeFiles/n64_gamecat.dir/Users/andrew/Development/pico-sdk/src/rp2_common/pico_runtime_init/runtime_init.c.obj
                0x20004594                __pre_init_runtime_init_spin_locks_reset
 .preinit_array.01100
                0x20004598        0x4 CMakeFiles/n64_gamecat.dir/Users/andrew/Development/pico-sdk/src/common/pico_sync/mutex.c.obj
                0x20004598                __pre_init_runtime_init_mutex
 .preinit_array.11000
                0x2000459c        0x4 CMakeFiles/n64_gamecat.dir/Users/andrew/Development/pico-sdk/src/common/pico_time/time.c.obj
                0x2000459c                __pre_init_runtime_init_default_alarm_pool
 .preinit_array.YYYYY
                0x200045a0        0x4 CMakeFiles/n64_gamecat.dir/Users/andrew/Development/pico-sdk/src/rp2_common/pico_runtime/runtime.c.obj
                0x200045a0                __pre_init_first_per_core_initializer
 .preinit_array.ZZZZZ.01200
                0x200045a4        0x4 CMakeFiles/n64_gamecat.dir/Users/andrew/Development/pico-sdk/src/rp2_common/hardware_irq/irq.c.obj
                0x200045a4                __pre_init_runtime_init_per_core_irq_priorities
 *(.preinit_array)
                0x200045a8                        PROVIDE (__preinit_array_end = .)
                0x200045a8                        . = ALIGN (0x4)
                0x200045a8                        PROVIDE (__init_array_start = .)
 *(SORT_BY_NAME(.init_array.*))
 *(.init_array)
                0x200045a8                        PROVIDE (__init_array_end = .)
                0x200045a8                        . = ALIGN (0x4)
                [!provide]                        PROVIDE (__fini_array_start = .)
 *(SORT_BY_NAME(.fini_array.*))
 *(.fini_array)
                [!provide]                        PROVIDE (__fini_array_end = .)
 *(.jcr)
                0x200045a8                        . = ALIGN (0x4)

.igot.plt       0x200045a8        0x0
 .igot.plt      0x200045a8        0x0 CMakeFiles/n64_gamecat.dir/n64_gamecat.cpp.obj

.tdata          0x200045a8        0x0
                0x200045a8                        . = ALIGN (0x4)
 *(.tdata .tdata.* .gnu.linkonce.td.*)
                0x200045a8                        __tdata_end = .
                0x200045a8                        PROVIDE (__data_end__ = .)

.uninitialized_data
                0x200045a8        0x0
                0x200045a8                        . = ALIGN (0x4)
 *(.uninitialized_data*)
                0x200044c0                        __etext = LOADADDR (.data)

.tbss           0x200045a8        0x0
                0x200045a8                        . = ALIGN (0x4)
                0x200045a8                        __bss_start__ = .
                0x200045a8                        __tls_base = .
 *(.tbss .tbss.* .gnu.linkonce.tb.*)
 *(.tcommon)
                0x200045a8                        __tls_end = .

.bss            0x200045a8      0x3e0
                0x200045a8                        . = ALIGN (0x4)
                0x200045a8                        __tbss_end = .
 *(SORT_BY_ALIGNMENT(SORT_BY_NAME(.bss*)))
 .bss.default_alarm_pool_entries
                0x200045a8      0x180 CMakeFiles/n64_gamecat.dir/Users/andrew/Development/pico-sdk/src/common/pico_time/time.c.obj
 .bss.chars_available_callback
                0x20004728        0x4 CMakeFiles/n64_gamecat.dir/Users/andrew/Development/pico-sdk/src/rp2_common/pico_stdio_uart/stdio_uart.c.obj
 .bss.chars_available_param
                0x2000472c        0x4 CMakeFiles/n64_gamecat.dir/Users/andrew/Development/pico-sdk/src/rp2_common/pico_stdio_uart/stdio_uart.c.obj
 .bss.claimed   0x20004730        0x1 CMakeFiles/n64_gamecat.dir/Users/andrew/Development/pico-sdk/src/rp2_common/hardware_timer/timer.c.obj
 *fill*         0x20004731        0x3 
 .bss.configured_freq
                0x20004734       0x28 CMakeFiles/n64_gamecat.dir/Users/andrew/Development/pico-sdk/src/rp2_common/hardware_clocks/clocks.c.obj
 .bss.drivers   0x2000475c        0x4 CMakeFiles/n64_gamecat.dir/Users/andrew/Development/pico-sdk/src/rp2_common/pico_stdio/stdio.c.obj
 .bss.filter    0x20004760        0x4 CMakeFiles/n64_gamecat.dir/Users/andrew/Development/pico-sdk/src/rp2_common/pico_stdio/stdio.c.obj
 .bss.pools     0x20004764       0x10 CMakeFiles/n64_gamecat.dir/Users/andrew/Development/pico-sdk/src/common/pico_time/time.c.obj
 .bss.sd_table  0x20004774      0x100 CMakeFiles/n64_gamecat.dir/Users/andrew/Development/pico-sdk/src/rp2_common/pico_double/double_init_rom_rp2040.c.obj
                0x20004774                sd_table
 .bss.sf_clz_func
                0x20004874        0x4 CMakeFiles/n64_gamecat.dir/Users/andrew/Development/pico-sdk/src/rp2_common/pico_double/double_init_rom_rp2040.c.obj
                0x20004874                sf_clz_func
 .bss.sf_table  0x20004878      0x100 CMakeFiles/n64_gamecat.dir/Users/andrew/Development/pico-sdk/src/rp2_common/pico_float/float_init_rom_rp2040.c.obj
                0x20004878                sf_table
 .bss.sleep_notifier
                0x20004978        0x4 CMakeFiles/n64_gamecat.dir/Users/andrew/Development/pico-sdk/src/common/pico_time/time.c.obj
 .bss.uart_char_to_line_feed
                0x2000497c        0x4 CMakeFiles/n64_gamecat.dir/Users/andrew/Development/pico-sdk/src/rp2_common/hardware_uart/uart.c.obj
                0x2000497c                uart_char_to_line_feed
 .bss.uart_instance
                0x20004980        0x4 CMakeFiles/n64_gamecat.dir/Users/andrew/Development/pico-sdk/src/rp2_common/pico_stdio_uart/stdio_uart.c.obj
 .bss.irq_handler_chain_free_slot_head
                0x20004984        0x1 CMakeFiles/n64_gamecat.dir/Users/andrew/Development/pico-sdk/src/rp2_common/hardware_irq/irq.c.obj
 *(COMMON)
                0x20004988                        . = ALIGN (0x4)
 *fill*         0x20004985        0x3 
                0x20004988                        __bss_end__ = .

.heap           0x20004988    0x3b678
                0x20004988                        __end__ = .
                0x20004988                        end = __end__
 *(.heap*)
 .heap          0x20004988      0x800 CMakeFiles/n64_gamecat.dir/Users/andrew/Development/pico-sdk/src/rp2_common/pico_crt0/crt0.S.obj
                0x20040000                        . = (ORIGIN (RAM) + LENGTH (RAM))
 *fill*         0x20005188    0x3ae78 
                0x20040000                        __HeapLimit = .

.scratch_x      0x20040000        0x0
                0x20040000                        __scratch_x_start__ = .
 *(.scratch_x.*)
                0x20040000                        . = ALIGN (0x4)
                0x20040000                        __scratch_x_end__ = .
                0x20040000                        __scratch_x_source__ = LOADADDR (.scratch_x)

.scratch_y      0x20041000        0x0
                0x20041000                        __scratch_y_start__ = .
 *(.scratch_y.*)
                0x20041000                        . = ALIGN (0x4)
                0x20041000                        __scratch_y_end__ = .
                0x20041000                        __scratch_y_source__ = LOADADDR (.scratch_y)

.stack1_dummy
 *(.stack1*)

.stack_dummy    0x20041000      0x800
 *(.stack*)
 .stack         0x20041000      0x800 CMakeFiles/n64_gamecat.dir/Users/andrew/Development/pico-sdk/src/rp2_common/pico_crt0/crt0.S.obj
                0x20040000                        __StackLimit = (ORIGIN (RAM) + LENGTH (RAM))
                0x20041000                        __StackOneTop = (ORIGIN (SCRATCH_X) + LENGTH (SCRATCH_X))
                0x20042000                        __StackTop = (ORIGIN (SCRATCH_Y) + LENGTH (SCRATCH_Y))
                0x20041000                        __StackOneBottom = (__StackOneTop - SIZEOF (.stack1_dummy))
                0x20041800                        __StackBottom = (__StackTop - SIZEOF (.stack_dummy))
                [!provide]                        PROVIDE (__stack = __StackTop)
                [!provide]                        PROVIDE (__heap_start = __end__)
                [!provide]                        PROVIDE (__heap_end = __HeapLimit)
                [!provide]                        PROVIDE (__tls_align = MAX (ALIGNOF (.tdata), ALIGNOF (.tbss)))
                [!provide]                        PROVIDE (__tls_size_align = (((__tls_size + __tls_align) - 0x1) & ~ ((__tls_align - 0x1))))
                [!provide]                        PROVIDE (__arm32_tls_tcb_offset = MAX (0x8, __tls_align))
                [!provide]                        PROVIDE (_end = __end__)
                [!provide]                        PROVIDE (__llvm_libc_heap_limit = __HeapLimit)
                0x00000001                        ASSERT ((__StackLimit >= __HeapLimit), region RAM overflowed)
                0x00000001                        ASSERT (((__binary_info_header_end - __logical_binary_start) <= 0x100), Binary info must be in first 256 bytes of the binary)
LOAD CMakeFiles/n64_gamecat.dir/n64_gamecat.cpp.obj
LOAD CMakeFiles/n64_gamecat.dir/Users/andrew/Development/pico-sdk/src/rp2_common/pico_stdlib/stdlib.c.obj
LOAD CMakeFiles/n64_gamecat.dir/Users/andrew/Development/pico-sdk/src/rp2_common/hardware_gpio/gpio.c.obj
LOAD CMakeFiles/n64_gamecat.dir/Users/andrew/Development/pico-sdk/src/rp2040/pico_platform/platform.c.obj
LOAD CMakeFiles/n64_gamecat.dir/Users/andrew/Development/pico-sdk/src/rp2_common/pico_platform_panic/panic.c.obj
LOAD CMakeFiles/n64_gamecat.dir/Users/andrew/Development/pico-sdk/src/common/hardware_claim/claim.c.obj
LOAD CMakeFiles/n64_gamecat.dir/Users/andrew/Development/pico-sdk/src/rp2_common/hardware_sync/sync.c.obj
LOAD CMakeFiles/n64_gamecat.dir/Users/andrew/Development/pico-sdk/src/rp2_common/hardware_sync_spin_lock/sync_spin_lock.c.obj
LOAD CMakeFiles/n64_gamecat.dir/Users/andrew/Development/pico-sdk/src/rp2_common/hardware_irq/irq.c.obj
LOAD CMakeFiles/n64_gamecat.dir/Users/andrew/Development/pico-sdk/src/rp2_common/hardware_irq/irq_handler_chain.S.obj
LOAD CMakeFiles/n64_gamecat.dir/Users/andrew/Development/pico-sdk/src/common/pico_sync/sem.c.obj
LOAD CMakeFiles/n64_gamecat.dir/Users/andrew/Development/pico-sdk/src/common/pico_sync/lock_core.c.obj
LOAD CMakeFiles/n64_gamecat.dir/Users/andrew/Development/pico-sdk/src/common/pico_sync/mutex.c.obj
LOAD CMakeFiles/n64_gamecat.dir/Users/andrew/Development/pico-sdk/src/common/pico_sync/critical_section.c.obj
LOAD CMakeFiles/n64_gamecat.dir/Users/andrew/Development/pico-sdk/src/common/pico_time/time.c.obj
LOAD CMakeFiles/n64_gamecat.dir/Users/andrew/Development/pico-sdk/src/common/pico_time/timeout_helper.c.obj
LOAD CMakeFiles/n64_gamecat.dir/Users/andrew/Development/pico-sdk/src/rp2_common/hardware_timer/timer.c.obj
LOAD CMakeFiles/n64_gamecat.dir/Users/andrew/Development/pico-sdk/src/common/pico_util/datetime.c.obj
LOAD CMakeFiles/n64_gamecat.dir/Users/andrew/Development/pico-sdk/src/common/pico_util/pheap.c.obj
LOAD CMakeFiles/n64_gamecat.dir/Users/andrew/Development/pico-sdk/src/common/pico_util/queue.c.obj
LOAD CMakeFiles/n64_gamecat.dir/Users/andrew/Development/pico-sdk/src/rp2_common/hardware_uart/uart.c.obj
LOAD CMakeFiles/n64_gamecat.dir/Users/andrew/Development/pico-sdk/src/rp2_common/hardware_clocks/clocks.c.obj
LOAD CMakeFiles/n64_gamecat.dir/Users/andrew/Development/pico-sdk/src/rp2_common/hardware_pll/pll.c.obj
LOAD CMakeFiles/n64_gamecat.dir/Users/andrew/Development/pico-sdk/src/rp2_common/hardware_vreg/vreg.c.obj
LOAD CMakeFiles/n64_gamecat.dir/Users/andrew/Development/pico-sdk/src/rp2_common/hardware_watchdog/watchdog.c.obj
LOAD CMakeFiles/n64_gamecat.dir/Users/andrew/Development/pico-sdk/src/rp2_common/hardware_ticks/ticks.c.obj
LOAD CMakeFiles/n64_gamecat.dir/Users/andrew/Development/pico-sdk/src/rp2_common/hardware_xosc/xosc.c.obj
LOAD CMakeFiles/n64_gamecat.dir/Users/andrew/Development/pico-sdk/src/rp2_common/hardware_divider/divider.S.obj
LOAD CMakeFiles/n64_gamecat.dir/Users/andrew/Development/pico-sdk/src/rp2_common/pico_runtime/runtime.c.obj
LOAD CMakeFiles/n64_gamecat.dir/Users/andrew/Development/pico-sdk/src/rp2_common/pico_runtime_init/runtime_init.c.obj
LOAD CMakeFiles/n64_gamecat.dir/Users/andrew/Development/pico-sdk/src/rp2_common/pico_runtime_init/runtime_init_clocks.c.obj
LOAD CMakeFiles/n64_gamecat.dir/Users/andrew/Development/pico-sdk/src/rp2_common/pico_runtime_init/runtime_init_stack_guard.c.obj
LOAD CMakeFiles/n64_gamecat.dir/Users/andrew/Development/pico-sdk/src/rp2_common/pico_bit_ops/bit_ops_aeabi.S.obj
LOAD CMakeFiles/n64_gamecat.dir/Users/andrew/Development/pico-sdk/src/rp2_common/pico_bootrom/bootrom.c.obj
LOAD CMakeFiles/n64_gamecat.dir/Users/andrew/Development/pico-sdk/src/rp2_common/pico_bootrom/bootrom_lock.c.obj
LOAD CMakeFiles/n64_gamecat.dir/Users/andrew/Development/pico-sdk/src/rp2_common/hardware_boot_lock/boot_lock.c.obj
LOAD CMakeFiles/n64_gamecat.dir/Users/andrew/Development/pico-sdk/src/rp2_common/pico_divider/divider_hardware.S.obj
LOAD CMakeFiles/n64_gamecat.dir/Users/andrew/Development/pico-sdk/src/rp2_common/pico_double/double_aeabi_rp2040.S.obj
LOAD CMakeFiles/n64_gamecat.dir/Users/andrew/Development/pico-sdk/src/rp2_common/pico_double/double_init_rom_rp2040.c.obj
LOAD CMakeFiles/n64_gamecat.dir/Users/andrew/Development/pico-sdk/src/rp2_common/pico_double/double_math.c.obj
LOAD CMakeFiles/n64_gamecat.dir/Users/andrew/Development/pico-sdk/src/rp2_common/pico_double/double_v1_rom_shim_rp2040.S.obj
LOAD CMakeFiles/n64_gamecat.dir/Users/andrew/Development/pico-sdk/src/rp2_common/pico_int64_ops/pico_int64_ops_aeabi.S.obj
LOAD CMakeFiles/n64_gamecat.dir/Users/andrew/Development/pico-sdk/src/rp2_common/pico_float/float_aeabi_rp2040.S.obj
LOAD CMakeFiles/n64_gamecat.dir/Users/andrew/Development/pico-sdk/src/rp2_common/pico_float/float_init_rom_rp2040.c.obj
LOAD CMakeFiles/n64_gamecat.dir/Users/andrew/Development/pico-sdk/src/rp2_common/pico_float/float_math.c.obj
LOAD CMakeFiles/n64_gamecat.dir/Users/andrew/Development/pico-sdk/src/rp2_common/pico_float/float_v1_rom_shim_rp2040.S.obj
LOAD CMakeFiles/n64_gamecat.dir/Users/andrew/Development/pico-sdk/src/rp2_common/pico_malloc/malloc.c.obj
LOAD CMakeFiles/n64_gamecat.dir/Users/andrew/Development/pico-sdk/src/rp2_common/pico_mem_ops/mem_ops_aeabi.S.obj
LOAD CMakeFiles/n64_gamecat.dir/Users/andrew/Development/pico-sdk/src/rp2_common/pico_atomic/atomic.c.obj
LOAD CMakeFiles/n64_gamecat.dir/Users/andrew/Development/pico-sdk/src/rp2_common/pico_cxx_options/new_delete.cpp.obj
LOAD CMakeFiles/n64_gamecat.dir/Users/andrew/Development/pico-sdk/src/rp2_common/pico_standard_binary_info/standard_binary_info.c.obj
LOAD CMakeFiles/n64_gamecat.dir/Users/andrew/Development/pico-sdk/src/rp2_common/pico_printf/printf.c.obj
LOAD CMakeFiles/n64_gamecat.dir/Users/andrew/Development/pico-sdk/src/rp2_common/pico_crt0/crt0.S.obj
LOAD CMakeFiles/n64_gamecat.dir/Users/andrew/Development/pico-sdk/src/rp2_common/pico_clib_interface/newlib_interface.c.obj
LOAD CMakeFiles/n64_gamecat.dir/Users/andrew/Development/pico-sdk/src/rp2_common/pico_stdio/stdio.c.obj
LOAD CMakeFiles/n64_gamecat.dir/Users/andrew/Development/pico-sdk/src/rp2_common/pico_stdio_uart/stdio_uart.c.obj
LOAD CMakeFiles/n64_gamecat.dir/Users/andrew/Development/pico-sdk/src/rp2_common/hardware_dma/dma.c.obj
LOAD CMakeFiles/n64_gamecat.dir/Users/andrew/Development/pico-sdk/src/rp2_common/hardware_pio/pio.c.obj
LOAD /Applications/ArmGNUToolchain/13.3.rel1/arm-none-eabi/bin/../lib/gcc/arm-none-eabi/13.3.1/../../../../arm-none-eabi/lib/thumb/v6-m/nofp/libstdc++.a
LOAD /Applications/ArmGNUToolchain/13.3.rel1/arm-none-eabi/bin/../lib/gcc/arm-none-eabi/13.3.1/../../../../arm-none-eabi/lib/thumb/v6-m/nofp/libm.a
START GROUP
LOAD /Applications/ArmGNUToolchain/13.3.rel1/arm-none-eabi/bin/../lib/gcc/arm-none-eabi/13.3.1/thumb/v6-m/nofp/libgcc.a
LOAD /Applications/ArmGNUToolchain/13.3.rel1/arm-none-eabi/bin/../lib/gcc/arm-none-eabi/13.3.1/../../../../arm-none-eabi/lib/thumb/v6-m/nofp/libg.a
LOAD /Applications/ArmGNUToolchain/13.3.rel1/arm-none-eabi/bin/../lib/gcc/arm-none-eabi/13.3.1/../../../../arm-none-eabi/lib/thumb/v6-m/nofp/libc.a
END GROUP
START GROUP
LOAD /Applications/ArmGNUToolchain/13.3.rel1/arm-none-eabi/bin/../lib/gcc/arm-none-eabi/13.3.1/thumb/v6-m/nofp/libgcc.a
LOAD /Applications/ArmGNUToolchain/13.3.rel1/arm-none-eabi/bin/../lib/gcc/arm-none-eabi/13.3.1/../../../../arm-none-eabi/lib/thumb/v6-m/nofp/libc.a
LOAD /Applications/ArmGNUToolchain/13.3.rel1/arm-none-eabi/bin/../lib/gcc/arm-none-eabi/13.3.1/../../../../arm-none-eabi/lib/thumb/v6-m/nofp/libnosys.a
END GROUP
OUTPUT(n64_gamecat.elf elf32-littlearm)
LOAD linker stubs

.debug_info     0x00000000    0x15a26
 .debug_info    0x00000000       0xe2 CMakeFiles/n64_gamecat.dir/n64_gamecat.cpp.obj
 .debug_info    0x000000e2     0x1d3f CMakeFiles/n64_gamecat.dir/Users/andrew/Development/pico-sdk/src/rp2_common/hardware_gpio/gpio.c.obj
 .debug_info    0x00001e21      0x1b4 CMakeFiles/n64_gamecat.dir/Users/andrew/Development/pico-sdk/src/rp2_common/pico_platform_panic/panic.c.obj
 .debug_info    0x00001fd5      0x6b1 CMakeFiles/n64_gamecat.dir/Users/andrew/Development/pico-sdk/src/common/hardware_claim/claim.c.obj
 .debug_info    0x00002686      0x465 CMakeFiles/n64_gamecat.dir/Users/andrew/Development/pico-sdk/src/rp2_common/hardware_sync/sync.c.obj
 .debug_info    0x00002aeb      0x2f7 CMakeFiles/n64_gamecat.dir/Users/andrew/Development/pico-sdk/src/rp2_common/hardware_sync_spin_lock/sync_spin_lock.c.obj
 .debug_info    0x00002de2     0x1fe9 CMakeFiles/n64_gamecat.dir/Users/andrew/Development/pico-sdk/src/rp2_common/hardware_irq/irq.c.obj
 .debug_info    0x00004dcb      0x1af CMakeFiles/n64_gamecat.dir/Users/andrew/Development/pico-sdk/src/common/pico_sync/lock_core.c.obj
 .debug_info    0x00004f7a     0x1e7c CMakeFiles/n64_gamecat.dir/Users/andrew/Development/pico-sdk/src/common/pico_sync/mutex.c.obj
 .debug_info    0x00006df6     0x3353 CMakeFiles/n64_gamecat.dir/Users/andrew/Development/pico-sdk/src/common/pico_time/time.c.obj
 .debug_info    0x0000a149     0x19b0 CMakeFiles/n64_gamecat.dir/Users/andrew/Development/pico-sdk/src/rp2_common/hardware_timer/timer.c.obj
 .debug_info    0x0000baf9     0x12e5 CMakeFiles/n64_gamecat.dir/Users/andrew/Development/pico-sdk/src/rp2_common/hardware_uart/uart.c.obj
 .debug_info    0x0000cdde     0x1509 CMakeFiles/n64_gamecat.dir/Users/andrew/Development/pico-sdk/src/rp2_common/hardware_clocks/clocks.c.obj
 .debug_info    0x0000e2e7      0x64f CMakeFiles/n64_gamecat.dir/Users/andrew/Development/pico-sdk/src/rp2_common/hardware_pll/pll.c.obj
 .debug_info    0x0000e936      0x2b2 CMakeFiles/n64_gamecat.dir/Users/andrew/Development/pico-sdk/src/rp2_common/hardware_ticks/ticks.c.obj
 .debug_info    0x0000ebe8      0x1d0 CMakeFiles/n64_gamecat.dir/Users/andrew/Development/pico-sdk/src/rp2_common/hardware_xosc/xosc.c.obj
 .debug_info    0x0000edb8      0x1bc CMakeFiles/n64_gamecat.dir/Users/andrew/Development/pico-sdk/src/rp2_common/pico_runtime/runtime.c.obj
 .debug_info    0x0000ef74      0x6eb CMakeFiles/n64_gamecat.dir/Users/andrew/Development/pico-sdk/src/rp2_common/pico_runtime_init/runtime_init.c.obj
 .debug_info    0x0000f65f      0x765 CMakeFiles/n64_gamecat.dir/Users/andrew/Development/pico-sdk/src/rp2_common/pico_runtime_init/runtime_init_clocks.c.obj
 .debug_info    0x0000fdc4       0x23 CMakeFiles/n64_gamecat.dir/Users/andrew/Development/pico-sdk/src/rp2_common/pico_bit_ops/bit_ops_aeabi.S.obj
 .debug_info    0x0000fde7      0x3d6 CMakeFiles/n64_gamecat.dir/Users/andrew/Development/pico-sdk/src/rp2_common/pico_bootrom/bootrom.c.obj
 .debug_info    0x000101bd       0x23 CMakeFiles/n64_gamecat.dir/Users/andrew/Development/pico-sdk/src/rp2_common/pico_divider/divider_hardware.S.obj
 .debug_info    0x000101e0       0x23 CMakeFiles/n64_gamecat.dir/Users/andrew/Development/pico-sdk/src/rp2_common/pico_double/double_aeabi_rp2040.S.obj
 .debug_info    0x00010203      0x34c CMakeFiles/n64_gamecat.dir/Users/andrew/Development/pico-sdk/src/rp2_common/pico_double/double_init_rom_rp2040.c.obj
 .debug_info    0x0001054f       0x23 CMakeFiles/n64_gamecat.dir/Users/andrew/Development/pico-sdk/src/rp2_common/pico_double/double_v1_rom_shim_rp2040.S.obj
 .debug_info    0x00010572       0x23 CMakeFiles/n64_gamecat.dir/Users/andrew/Development/pico-sdk/src/rp2_common/pico_float/float_aeabi_rp2040.S.obj
 .debug_info    0x00010595      0x34d CMakeFiles/n64_gamecat.dir/Users/andrew/Development/pico-sdk/src/rp2_common/pico_float/float_init_rom_rp2040.c.obj
 .debug_info    0x000108e2       0x23 CMakeFiles/n64_gamecat.dir/Users/andrew/Development/pico-sdk/src/rp2_common/pico_float/float_v1_rom_shim_rp2040.S.obj
 .debug_info    0x00010905       0x23 CMakeFiles/n64_gamecat.dir/Users/andrew/Development/pico-sdk/src/rp2_common/pico_mem_ops/mem_ops_aeabi.S.obj
 .debug_info    0x00010928      0x21f CMakeFiles/n64_gamecat.dir/Users/andrew/Development/pico-sdk/src/rp2_common/pico_standard_binary_info/standard_binary_info.c.obj
 .debug_info    0x00010b47     0x19dc CMakeFiles/n64_gamecat.dir/Users/andrew/Development/pico-sdk/src/rp2_common/pico_printf/printf.c.obj
 .debug_info    0x00012523       0x23 CMakeFiles/n64_gamecat.dir/Users/andrew/Development/pico-sdk/src/rp2_common/pico_crt0/crt0.S.obj
 .debug_info    0x00012546      0xbb8 CMakeFiles/n64_gamecat.dir/Users/andrew/Development/pico-sdk/src/rp2_common/pico_clib_interface/newlib_interface.c.obj
 .debug_info    0x000130fe     0x151b CMakeFiles/n64_gamecat.dir/Users/andrew/Development/pico-sdk/src/rp2_common/pico_stdio/stdio.c.obj
 .debug_info    0x00014619     0x140d CMakeFiles/n64_gamecat.dir/Users/andrew/Development/pico-sdk/src/rp2_common/pico_stdio_uart/stdio_uart.c.obj

.debug_abbrev   0x00000000     0x4b14
 .debug_abbrev  0x00000000       0x9d CMakeFiles/n64_gamecat.dir/n64_gamecat.cpp.obj
 .debug_abbrev  0x0000009d      0x42d CMakeFiles/n64_gamecat.dir/Users/andrew/Development/pico-sdk/src/rp2_common/hardware_gpio/gpio.c.obj
 .debug_abbrev  0x000004ca      0x12d CMakeFiles/n64_gamecat.dir/Users/andrew/Development/pico-sdk/src/rp2_common/pico_platform_panic/panic.c.obj
 .debug_abbrev  0x000005f7      0x2b4 CMakeFiles/n64_gamecat.dir/Users/andrew/Development/pico-sdk/src/common/hardware_claim/claim.c.obj
 .debug_abbrev  0x000008ab      0x1f4 CMakeFiles/n64_gamecat.dir/Users/andrew/Development/pico-sdk/src/rp2_common/hardware_sync/sync.c.obj
 .debug_abbrev  0x00000a9f      0x1f0 CMakeFiles/n64_gamecat.dir/Users/andrew/Development/pico-sdk/src/rp2_common/hardware_sync_spin_lock/sync_spin_lock.c.obj
 .debug_abbrev  0x00000c8f      0x5d8 CMakeFiles/n64_gamecat.dir/Users/andrew/Development/pico-sdk/src/rp2_common/hardware_irq/irq.c.obj
 .debug_abbrev  0x00001267      0x116 CMakeFiles/n64_gamecat.dir/Users/andrew/Development/pico-sdk/src/common/pico_sync/lock_core.c.obj
 .debug_abbrev  0x0000137d      0x424 CMakeFiles/n64_gamecat.dir/Users/andrew/Development/pico-sdk/src/common/pico_sync/mutex.c.obj
 .debug_abbrev  0x000017a1      0x630 CMakeFiles/n64_gamecat.dir/Users/andrew/Development/pico-sdk/src/common/pico_time/time.c.obj
 .debug_abbrev  0x00001dd1      0x473 CMakeFiles/n64_gamecat.dir/Users/andrew/Development/pico-sdk/src/rp2_common/hardware_timer/timer.c.obj
 .debug_abbrev  0x00002244      0x342 CMakeFiles/n64_gamecat.dir/Users/andrew/Development/pico-sdk/src/rp2_common/hardware_uart/uart.c.obj
 .debug_abbrev  0x00002586      0x431 CMakeFiles/n64_gamecat.dir/Users/andrew/Development/pico-sdk/src/rp2_common/hardware_clocks/clocks.c.obj
 .debug_abbrev  0x000029b7      0x20e CMakeFiles/n64_gamecat.dir/Users/andrew/Development/pico-sdk/src/rp2_common/hardware_pll/pll.c.obj
 .debug_abbrev  0x00002bc5      0x152 CMakeFiles/n64_gamecat.dir/Users/andrew/Development/pico-sdk/src/rp2_common/hardware_ticks/ticks.c.obj
 .debug_abbrev  0x00002d17      0x11d CMakeFiles/n64_gamecat.dir/Users/andrew/Development/pico-sdk/src/rp2_common/hardware_xosc/xosc.c.obj
 .debug_abbrev  0x00002e34      0x149 CMakeFiles/n64_gamecat.dir/Users/andrew/Development/pico-sdk/src/rp2_common/pico_runtime/runtime.c.obj
 .debug_abbrev  0x00002f7d      0x1ed CMakeFiles/n64_gamecat.dir/Users/andrew/Development/pico-sdk/src/rp2_common/pico_runtime_init/runtime_init.c.obj
 .debug_abbrev  0x0000316a      0x2b3 CMakeFiles/n64_gamecat.dir/Users/andrew/Development/pico-sdk/src/rp2_common/pico_runtime_init/runtime_init_clocks.c.obj
 .debug_abbrev  0x0000341d       0x12 CMakeFiles/n64_gamecat.dir/Users/andrew/Development/pico-sdk/src/rp2_common/pico_bit_ops/bit_ops_aeabi.S.obj
 .debug_abbrev  0x0000342f      0x1a0 CMakeFiles/n64_gamecat.dir/Users/andrew/Development/pico-sdk/src/rp2_common/pico_bootrom/bootrom.c.obj
 .debug_abbrev  0x000035cf       0x12 CMakeFiles/n64_gamecat.dir/Users/andrew/Development/pico-sdk/src/rp2_common/pico_divider/divider_hardware.S.obj
 .debug_abbrev  0x000035e1       0x12 CMakeFiles/n64_gamecat.dir/Users/andrew/Development/pico-sdk/src/rp2_common/pico_double/double_aeabi_rp2040.S.obj
 .debug_abbrev  0x000035f3      0x1ab CMakeFiles/n64_gamecat.dir/Users/andrew/Development/pico-sdk/src/rp2_common/pico_double/double_init_rom_rp2040.c.obj
 .debug_abbrev  0x0000379e       0x12 CMakeFiles/n64_gamecat.dir/Users/andrew/Development/pico-sdk/src/rp2_common/pico_double/double_v1_rom_shim_rp2040.S.obj
 .debug_abbrev  0x000037b0       0x12 CMakeFiles/n64_gamecat.dir/Users/andrew/Development/pico-sdk/src/rp2_common/pico_float/float_aeabi_rp2040.S.obj
 .debug_abbrev  0x000037c2      0x1ae CMakeFiles/n64_gamecat.dir/Users/andrew/Development/pico-sdk/src/rp2_common/pico_float/float_init_rom_rp2040.c.obj
 .debug_abbrev  0x00003970       0x12 CMakeFiles/n64_gamecat.dir/Users/andrew/Development/pico-sdk/src/rp2_common/pico_float/float_v1_rom_shim_rp2040.S.obj
 .debug_abbrev  0x00003982       0x12 CMakeFiles/n64_gamecat.dir/Users/andrew/Development/pico-sdk/src/rp2_common/pico_mem_ops/mem_ops_aeabi.S.obj
 .debug_abbrev  0x00003994       0xa5 CMakeFiles/n64_gamecat.dir/Users/andrew/Development/pico-sdk/src/rp2_common/pico_standard_binary_info/standard_binary_info.c.obj
 .debug_abbrev  0x00003a39      0x38e CMakeFiles/n64_gamecat.dir/Users/andrew/Development/pico-sdk/src/rp2_common/pico_printf/printf.c.obj
 .debug_abbrev  0x00003dc7       0x12 CMakeFiles/n64_gamecat.dir/Users/andrew/Development/pico-sdk/src/rp2_common/pico_crt0/crt0.S.obj
 .debug_abbrev  0x00003dd9      0x35f CMakeFiles/n64_gamecat.dir/Users/andrew/Development/pico-sdk/src/rp2_common/pico_clib_interface/newlib_interface.c.obj
 .debug_abbrev  0x00004138      0x520 CMakeFiles/n64_gamecat.dir/Users/andrew/Development/pico-sdk/src/rp2_common/pico_stdio/stdio.c.obj
 .debug_abbrev  0x00004658      0x4bc CMakeFiles/n64_gamecat.dir/Users/andrew/Development/pico-sdk/src/rp2_common/pico_stdio_uart/stdio_uart.c.obj

.debug_aranges  0x00000000      0xfa8
 .debug_aranges
                0x00000000       0x20 CMakeFiles/n64_gamecat.dir/n64_gamecat.cpp.obj
 .debug_aranges
                0x00000020      0x128 CMakeFiles/n64_gamecat.dir/Users/andrew/Development/pico-sdk/src/rp2_common/hardware_gpio/gpio.c.obj
 .debug_aranges
                0x00000148       0x28 CMakeFiles/n64_gamecat.dir/Users/andrew/Development/pico-sdk/src/rp2_common/pico_platform_panic/panic.c.obj
 .debug_aranges
                0x00000170       0x48 CMakeFiles/n64_gamecat.dir/Users/andrew/Development/pico-sdk/src/common/hardware_claim/claim.c.obj
 .debug_aranges
                0x000001b8       0x48 CMakeFiles/n64_gamecat.dir/Users/andrew/Development/pico-sdk/src/rp2_common/hardware_sync/sync.c.obj
 .debug_aranges
                0x00000200       0x28 CMakeFiles/n64_gamecat.dir/Users/andrew/Development/pico-sdk/src/rp2_common/hardware_sync_spin_lock/sync_spin_lock.c.obj
 .debug_aranges
                0x00000228       0xe0 CMakeFiles/n64_gamecat.dir/Users/andrew/Development/pico-sdk/src/rp2_common/hardware_irq/irq.c.obj
 .debug_aranges
                0x00000308       0x20 CMakeFiles/n64_gamecat.dir/Users/andrew/Development/pico-sdk/src/common/pico_sync/lock_core.c.obj
 .debug_aranges
                0x00000328       0x98 CMakeFiles/n64_gamecat.dir/Users/andrew/Development/pico-sdk/src/common/pico_sync/mutex.c.obj
 .debug_aranges
                0x000003c0      0x110 CMakeFiles/n64_gamecat.dir/Users/andrew/Development/pico-sdk/src/common/pico_time/time.c.obj
 .debug_aranges
                0x000004d0       0xf0 CMakeFiles/n64_gamecat.dir/Users/andrew/Development/pico-sdk/src/rp2_common/hardware_timer/timer.c.obj
 .debug_aranges
                0x000005c0       0x70 CMakeFiles/n64_gamecat.dir/Users/andrew/Development/pico-sdk/src/rp2_common/hardware_uart/uart.c.obj
 .debug_aranges
                0x00000630       0xa0 CMakeFiles/n64_gamecat.dir/Users/andrew/Development/pico-sdk/src/rp2_common/hardware_clocks/clocks.c.obj
 .debug_aranges
                0x000006d0       0x28 CMakeFiles/n64_gamecat.dir/Users/andrew/Development/pico-sdk/src/rp2_common/hardware_pll/pll.c.obj
 .debug_aranges
                0x000006f8       0x30 CMakeFiles/n64_gamecat.dir/Users/andrew/Development/pico-sdk/src/rp2_common/hardware_ticks/ticks.c.obj
 .debug_aranges
                0x00000728       0x30 CMakeFiles/n64_gamecat.dir/Users/andrew/Development/pico-sdk/src/rp2_common/hardware_xosc/xosc.c.obj
 .debug_aranges
                0x00000758       0x40 CMakeFiles/n64_gamecat.dir/Users/andrew/Development/pico-sdk/src/rp2_common/pico_runtime/runtime.c.obj
 .debug_aranges
                0x00000798       0x40 CMakeFiles/n64_gamecat.dir/Users/andrew/Development/pico-sdk/src/rp2_common/pico_runtime_init/runtime_init.c.obj
 .debug_aranges
                0x000007d8       0x28 CMakeFiles/n64_gamecat.dir/Users/andrew/Development/pico-sdk/src/rp2_common/pico_runtime_init/runtime_init_clocks.c.obj
 .debug_aranges
                0x00000800       0x60 CMakeFiles/n64_gamecat.dir/Users/andrew/Development/pico-sdk/src/rp2_common/pico_bit_ops/bit_ops_aeabi.S.obj
 .debug_aranges
                0x00000860       0x38 CMakeFiles/n64_gamecat.dir/Users/andrew/Development/pico-sdk/src/rp2_common/pico_bootrom/bootrom.c.obj
 .debug_aranges
                0x00000898       0x40 CMakeFiles/n64_gamecat.dir/Users/andrew/Development/pico-sdk/src/rp2_common/pico_divider/divider_hardware.S.obj
 .debug_aranges
                0x000008d8      0x140 CMakeFiles/n64_gamecat.dir/Users/andrew/Development/pico-sdk/src/rp2_common/pico_double/double_aeabi_rp2040.S.obj
 .debug_aranges
                0x00000a18       0x20 CMakeFiles/n64_gamecat.dir/Users/andrew/Development/pico-sdk/src/rp2_common/pico_double/double_init_rom_rp2040.c.obj
 .debug_aranges
                0x00000a38       0xc8 CMakeFiles/n64_gamecat.dir/Users/andrew/Development/pico-sdk/src/rp2_common/pico_double/double_v1_rom_shim_rp2040.S.obj
 .debug_aranges
                0x00000b00      0x130 CMakeFiles/n64_gamecat.dir/Users/andrew/Development/pico-sdk/src/rp2_common/pico_float/float_aeabi_rp2040.S.obj
 .debug_aranges
                0x00000c30       0x20 CMakeFiles/n64_gamecat.dir/Users/andrew/Development/pico-sdk/src/rp2_common/pico_float/float_init_rom_rp2040.c.obj
 .debug_aranges
                0x00000c50       0x50 CMakeFiles/n64_gamecat.dir/Users/andrew/Development/pico-sdk/src/rp2_common/pico_float/float_v1_rom_shim_rp2040.S.obj
 .debug_aranges
                0x00000ca0       0x38 CMakeFiles/n64_gamecat.dir/Users/andrew/Development/pico-sdk/src/rp2_common/pico_mem_ops/mem_ops_aeabi.S.obj
 .debug_aranges
                0x00000cd8       0x18 CMakeFiles/n64_gamecat.dir/Users/andrew/Development/pico-sdk/src/rp2_common/pico_standard_binary_info/standard_binary_info.c.obj
 .debug_aranges
                0x00000cf0       0x90 CMakeFiles/n64_gamecat.dir/Users/andrew/Development/pico-sdk/src/rp2_common/pico_printf/printf.c.obj
 .debug_aranges
                0x00000d80       0x28 CMakeFiles/n64_gamecat.dir/Users/andrew/Development/pico-sdk/src/rp2_common/pico_crt0/crt0.S.obj
 .debug_aranges
                0x00000da8       0xa0 CMakeFiles/n64_gamecat.dir/Users/andrew/Development/pico-sdk/src/rp2_common/pico_clib_interface/newlib_interface.c.obj
 .debug_aranges
                0x00000e48       0xd0 CMakeFiles/n64_gamecat.dir/Users/andrew/Development/pico-sdk/src/rp2_common/pico_stdio/stdio.c.obj
 .debug_aranges
                0x00000f18       0x90 CMakeFiles/n64_gamecat.dir/Users/andrew/Development/pico-sdk/src/rp2_common/pico_stdio_uart/stdio_uart.c.obj

.debug_rnglists
                0x00000000      0xf81
 .debug_rnglists
                0x00000000       0x13 CMakeFiles/n64_gamecat.dir/n64_gamecat.cpp.obj
 .debug_rnglists
                0x00000013      0x10a CMakeFiles/n64_gamecat.dir/Users/andrew/Development/pico-sdk/src/rp2_common/hardware_gpio/gpio.c.obj
 .debug_rnglists
                0x0000011d       0x19 CMakeFiles/n64_gamecat.dir/Users/andrew/Development/pico-sdk/src/rp2_common/pico_platform_panic/panic.c.obj
 .debug_rnglists
                0x00000136       0x31 CMakeFiles/n64_gamecat.dir/Users/andrew/Development/pico-sdk/src/common/hardware_claim/claim.c.obj
 .debug_rnglists
                0x00000167       0x31 CMakeFiles/n64_gamecat.dir/Users/andrew/Development/pico-sdk/src/rp2_common/hardware_sync/sync.c.obj
 .debug_rnglists
                0x00000198       0x19 CMakeFiles/n64_gamecat.dir/Users/andrew/Development/pico-sdk/src/rp2_common/hardware_sync_spin_lock/sync_spin_lock.c.obj
 .debug_rnglists
                0x000001b1      0x108 CMakeFiles/n64_gamecat.dir/Users/andrew/Development/pico-sdk/src/rp2_common/hardware_irq/irq.c.obj
 .debug_rnglists
                0x000002b9       0x13 CMakeFiles/n64_gamecat.dir/Users/andrew/Development/pico-sdk/src/common/pico_sync/lock_core.c.obj
 .debug_rnglists
                0x000002cc      0x135 CMakeFiles/n64_gamecat.dir/Users/andrew/Development/pico-sdk/src/common/pico_sync/mutex.c.obj
 .debug_rnglists
                0x00000401      0x1f2 CMakeFiles/n64_gamecat.dir/Users/andrew/Development/pico-sdk/src/common/pico_time/time.c.obj
 .debug_rnglists
                0x000005f3       0xb2 CMakeFiles/n64_gamecat.dir/Users/andrew/Development/pico-sdk/src/rp2_common/hardware_timer/timer.c.obj
 .debug_rnglists
                0x000006a5       0x8b CMakeFiles/n64_gamecat.dir/Users/andrew/Development/pico-sdk/src/rp2_common/hardware_uart/uart.c.obj
 .debug_rnglists
                0x00000730       0xe2 CMakeFiles/n64_gamecat.dir/Users/andrew/Development/pico-sdk/src/rp2_common/hardware_clocks/clocks.c.obj
 .debug_rnglists
                0x00000812       0x1a CMakeFiles/n64_gamecat.dir/Users/andrew/Development/pico-sdk/src/rp2_common/hardware_pll/pll.c.obj
 .debug_rnglists
                0x0000082c       0x1f CMakeFiles/n64_gamecat.dir/Users/andrew/Development/pico-sdk/src/rp2_common/hardware_ticks/ticks.c.obj
 .debug_rnglists
                0x0000084b       0x1f CMakeFiles/n64_gamecat.dir/Users/andrew/Development/pico-sdk/src/rp2_common/hardware_xosc/xosc.c.obj
 .debug_rnglists
                0x0000086a       0x2b CMakeFiles/n64_gamecat.dir/Users/andrew/Development/pico-sdk/src/rp2_common/pico_runtime/runtime.c.obj
 .debug_rnglists
                0x00000895       0x2b CMakeFiles/n64_gamecat.dir/Users/andrew/Development/pico-sdk/src/rp2_common/pico_runtime_init/runtime_init.c.obj
 .debug_rnglists
                0x000008c0       0x26 CMakeFiles/n64_gamecat.dir/Users/andrew/Development/pico-sdk/src/rp2_common/pico_runtime_init/runtime_init_clocks.c.obj
 .debug_rnglists
                0x000008e6       0x43 CMakeFiles/n64_gamecat.dir/Users/andrew/Development/pico-sdk/src/rp2_common/pico_bit_ops/bit_ops_aeabi.S.obj
 .debug_rnglists
                0x00000929       0x31 CMakeFiles/n64_gamecat.dir/Users/andrew/Development/pico-sdk/src/rp2_common/pico_bootrom/bootrom.c.obj
 .debug_rnglists
                0x0000095a       0x2c CMakeFiles/n64_gamecat.dir/Users/andrew/Development/pico-sdk/src/rp2_common/pico_divider/divider_hardware.S.obj
 .debug_rnglists
                0x00000986       0xed CMakeFiles/n64_gamecat.dir/Users/andrew/Development/pico-sdk/src/rp2_common/pico_double/double_aeabi_rp2040.S.obj
 .debug_rnglists
                0x00000a73       0x21 CMakeFiles/n64_gamecat.dir/Users/andrew/Development/pico-sdk/src/rp2_common/pico_double/double_init_rom_rp2040.c.obj
 .debug_rnglists
                0x00000a94       0x99 CMakeFiles/n64_gamecat.dir/Users/andrew/Development/pico-sdk/src/rp2_common/pico_double/double_v1_rom_shim_rp2040.S.obj
 .debug_rnglists
                0x00000b2d       0xdf CMakeFiles/n64_gamecat.dir/Users/andrew/Development/pico-sdk/src/rp2_common/pico_float/float_aeabi_rp2040.S.obj
 .debug_rnglists
                0x00000c0c       0x20 CMakeFiles/n64_gamecat.dir/Users/andrew/Development/pico-sdk/src/rp2_common/pico_float/float_init_rom_rp2040.c.obj
 .debug_rnglists
                0x00000c2c       0x38 CMakeFiles/n64_gamecat.dir/Users/andrew/Development/pico-sdk/src/rp2_common/pico_float/float_v1_rom_shim_rp2040.S.obj
 .debug_rnglists
                0x00000c64       0x25 CMakeFiles/n64_gamecat.dir/Users/andrew/Development/pico-sdk/src/rp2_common/pico_mem_ops/mem_ops_aeabi.S.obj
 .debug_rnglists
                0x00000c89       0xe5 CMakeFiles/n64_gamecat.dir/Users/andrew/Development/pico-sdk/src/rp2_common/pico_printf/printf.c.obj
 .debug_rnglists
                0x00000d6e       0x1b CMakeFiles/n64_gamecat.dir/Users/andrew/Development/pico-sdk/src/rp2_common/pico_crt0/crt0.S.obj
 .debug_rnglists
                0x00000d89       0x73 CMakeFiles/n64_gamecat.dir/Users/andrew/Development/pico-sdk/src/rp2_common/pico_clib_interface/newlib_interface.c.obj
 .debug_rnglists
                0x00000dfc       0xed CMakeFiles/n64_gamecat.dir/Users/andrew/Development/pico-sdk/src/rp2_common/pico_stdio/stdio.c.obj
 .debug_rnglists
                0x00000ee9       0x98 CMakeFiles/n64_gamecat.dir/Users/andrew/Development/pico-sdk/src/rp2_common/pico_stdio_uart/stdio_uart.c.obj

.debug_line     0x00000000     0xf9c4
 .debug_line    0x00000000      0x138 CMakeFiles/n64_gamecat.dir/n64_gamecat.cpp.obj
 .debug_line    0x00000138      0xe42 CMakeFiles/n64_gamecat.dir/Users/andrew/Development/pico-sdk/src/rp2_common/hardware_gpio/gpio.c.obj
 .debug_line    0x00000f7a      0x238 CMakeFiles/n64_gamecat.dir/Users/andrew/Development/pico-sdk/src/rp2_common/pico_platform_panic/panic.c.obj
 .debug_line    0x000011b2      0x669 CMakeFiles/n64_gamecat.dir/Users/andrew/Development/pico-sdk/src/common/hardware_claim/claim.c.obj
 .debug_line    0x0000181b      0x44a CMakeFiles/n64_gamecat.dir/Users/andrew/Development/pico-sdk/src/rp2_common/hardware_sync/sync.c.obj
 .debug_line    0x00001c65      0x404 CMakeFiles/n64_gamecat.dir/Users/andrew/Development/pico-sdk/src/rp2_common/hardware_sync_spin_lock/sync_spin_lock.c.obj
 .debug_line    0x00002069     0x126d CMakeFiles/n64_gamecat.dir/Users/andrew/Development/pico-sdk/src/rp2_common/hardware_irq/irq.c.obj
 .debug_line    0x000032d6      0x2dd CMakeFiles/n64_gamecat.dir/Users/andrew/Development/pico-sdk/src/common/pico_sync/lock_core.c.obj
 .debug_line    0x000035b3     0x12c3 CMakeFiles/n64_gamecat.dir/Users/andrew/Development/pico-sdk/src/common/pico_sync/mutex.c.obj
 .debug_line    0x00004876     0x1dad CMakeFiles/n64_gamecat.dir/Users/andrew/Development/pico-sdk/src/common/pico_time/time.c.obj
 .debug_line    0x00006623      0xeb8 CMakeFiles/n64_gamecat.dir/Users/andrew/Development/pico-sdk/src/rp2_common/hardware_timer/timer.c.obj
 .debug_line    0x000074db      0x9d6 CMakeFiles/n64_gamecat.dir/Users/andrew/Development/pico-sdk/src/rp2_common/hardware_uart/uart.c.obj
 .debug_line    0x00007eb1      0xbf6 CMakeFiles/n64_gamecat.dir/Users/andrew/Development/pico-sdk/src/rp2_common/hardware_clocks/clocks.c.obj
 .debug_line    0x00008aa7      0x54e CMakeFiles/n64_gamecat.dir/Users/andrew/Development/pico-sdk/src/rp2_common/hardware_pll/pll.c.obj
 .debug_line    0x00008ff5      0x326 CMakeFiles/n64_gamecat.dir/Users/andrew/Development/pico-sdk/src/rp2_common/hardware_ticks/ticks.c.obj
 .debug_line    0x0000931b      0x359 CMakeFiles/n64_gamecat.dir/Users/andrew/Development/pico-sdk/src/rp2_common/hardware_xosc/xosc.c.obj
 .debug_line    0x00009674      0x290 CMakeFiles/n64_gamecat.dir/Users/andrew/Development/pico-sdk/src/rp2_common/pico_runtime/runtime.c.obj
 .debug_line    0x00009904      0x4e2 CMakeFiles/n64_gamecat.dir/Users/andrew/Development/pico-sdk/src/rp2_common/pico_runtime_init/runtime_init.c.obj
 .debug_line    0x00009de6      0x561 CMakeFiles/n64_gamecat.dir/Users/andrew/Development/pico-sdk/src/rp2_common/pico_runtime_init/runtime_init_clocks.c.obj
 .debug_line    0x0000a347      0x107 CMakeFiles/n64_gamecat.dir/Users/andrew/Development/pico-sdk/src/rp2_common/pico_bit_ops/bit_ops_aeabi.S.obj
 .debug_line    0x0000a44e      0x2b7 CMakeFiles/n64_gamecat.dir/Users/andrew/Development/pico-sdk/src/rp2_common/pico_bootrom/bootrom.c.obj
 .debug_line    0x0000a705      0x2a9 CMakeFiles/n64_gamecat.dir/Users/andrew/Development/pico-sdk/src/rp2_common/pico_divider/divider_hardware.S.obj
 .debug_line    0x0000a9ae      0x3f8 CMakeFiles/n64_gamecat.dir/Users/andrew/Development/pico-sdk/src/rp2_common/pico_double/double_aeabi_rp2040.S.obj
 .debug_line    0x0000ada6      0x466 CMakeFiles/n64_gamecat.dir/Users/andrew/Development/pico-sdk/src/rp2_common/pico_double/double_init_rom_rp2040.c.obj
 .debug_line    0x0000b20c      0x670 CMakeFiles/n64_gamecat.dir/Users/andrew/Development/pico-sdk/src/rp2_common/pico_double/double_v1_rom_shim_rp2040.S.obj
 .debug_line    0x0000b87c      0x3b4 CMakeFiles/n64_gamecat.dir/Users/andrew/Development/pico-sdk/src/rp2_common/pico_float/float_aeabi_rp2040.S.obj
 .debug_line    0x0000bc30      0x44f CMakeFiles/n64_gamecat.dir/Users/andrew/Development/pico-sdk/src/rp2_common/pico_float/float_init_rom_rp2040.c.obj
 .debug_line    0x0000c07f      0x198 CMakeFiles/n64_gamecat.dir/Users/andrew/Development/pico-sdk/src/rp2_common/pico_float/float_v1_rom_shim_rp2040.S.obj
 .debug_line    0x0000c217       0x94 CMakeFiles/n64_gamecat.dir/Users/andrew/Development/pico-sdk/src/rp2_common/pico_mem_ops/mem_ops_aeabi.S.obj
 .debug_line    0x0000c2ab      0x207 CMakeFiles/n64_gamecat.dir/Users/andrew/Development/pico-sdk/src/rp2_common/pico_standard_binary_info/standard_binary_info.c.obj
 .debug_line    0x0000c4b2     0x1343 CMakeFiles/n64_gamecat.dir/Users/andrew/Development/pico-sdk/src/rp2_common/pico_printf/printf.c.obj
 .debug_line    0x0000d7f5       0xa0 CMakeFiles/n64_gamecat.dir/Users/andrew/Development/pico-sdk/src/rp2_common/pico_crt0/crt0.S.obj
 .debug_line    0x0000d895      0x815 CMakeFiles/n64_gamecat.dir/Users/andrew/Development/pico-sdk/src/rp2_common/pico_clib_interface/newlib_interface.c.obj
 .debug_line    0x0000e0aa      0xd91 CMakeFiles/n64_gamecat.dir/Users/andrew/Development/pico-sdk/src/rp2_common/pico_stdio/stdio.c.obj
 .debug_line    0x0000ee3b      0xb89 CMakeFiles/n64_gamecat.dir/Users/andrew/Development/pico-sdk/src/rp2_common/pico_stdio_uart/stdio_uart.c.obj

.debug_str      0x00000000     0x48a9
 .debug_str     0x00000000     0x48a9 CMakeFiles/n64_gamecat.dir/n64_gamecat.cpp.obj
                                0x205 (size before relaxing)